Archive member included because of file (symbol)

/home/prithvi/DevelopmentTools/gcc-arm-none-eabi-4_8-2013q4/lib/gcc/arm-none-eabi/4.8.3/armv6-m/libgcc.a(_udivsi3.o)
                              obj/timer.o (__aeabi_uidiv)
/home/prithvi/DevelopmentTools/gcc-arm-none-eabi-4_8-2013q4/lib/gcc/arm-none-eabi/4.8.3/armv6-m/libgcc.a(_divsi3.o)
                              obj/timer.o (__aeabi_idivmod)
/home/prithvi/DevelopmentTools/gcc-arm-none-eabi-4_8-2013q4/lib/gcc/arm-none-eabi/4.8.3/armv6-m/libgcc.a(_dvmd_tls.o)
                              /home/prithvi/DevelopmentTools/gcc-arm-none-eabi-4_8-2013q4/lib/gcc/arm-none-eabi/4.8.3/armv6-m/libgcc.a(_udivsi3.o) (__aeabi_idiv0)
/home/prithvi/DevelopmentTools/gcc-arm-none-eabi-4_8-2013q4/arm-none-eabi/lib/armv6-m/libc_s.a(lib_a-exit.o)
                              /home/prithvi/DevelopmentTools/gcc-arm-none-eabi-4_8-2013q4/bin/../lib/gcc/arm-none-eabi/4.8.3/../../../../arm-none-eabi/lib/armv6-m/crt0.o (exit)
/home/prithvi/DevelopmentTools/gcc-arm-none-eabi-4_8-2013q4/arm-none-eabi/lib/armv6-m/libc_s.a(lib_a-impure.o)
                              /home/prithvi/DevelopmentTools/gcc-arm-none-eabi-4_8-2013q4/arm-none-eabi/lib/armv6-m/libc_s.a(lib_a-exit.o) (_global_impure_ptr)
/home/prithvi/DevelopmentTools/gcc-arm-none-eabi-4_8-2013q4/arm-none-eabi/lib/armv6-m/libc_s.a(lib_a-init.o)
                              /home/prithvi/DevelopmentTools/gcc-arm-none-eabi-4_8-2013q4/bin/../lib/gcc/arm-none-eabi/4.8.3/../../../../arm-none-eabi/lib/armv6-m/crt0.o (__libc_init_array)
/home/prithvi/DevelopmentTools/gcc-arm-none-eabi-4_8-2013q4/arm-none-eabi/lib/armv6-m/libc_s.a(lib_a-memcpy-stub.o)
                              obj/observer.o (memcpy)
/home/prithvi/DevelopmentTools/gcc-arm-none-eabi-4_8-2013q4/arm-none-eabi/lib/armv6-m/libc_s.a(lib_a-memset.o)
                              /home/prithvi/DevelopmentTools/gcc-arm-none-eabi-4_8-2013q4/bin/../lib/gcc/arm-none-eabi/4.8.3/../../../../arm-none-eabi/lib/armv6-m/crt0.o (memset)
/home/prithvi/DevelopmentTools/gcc-arm-none-eabi-4_8-2013q4/arm-none-eabi/lib/armv6-m/libc_s.a(lib_a-printf.o)
                              obj/observer.o (printf)
/home/prithvi/DevelopmentTools/gcc-arm-none-eabi-4_8-2013q4/arm-none-eabi/lib/armv6-m/libc_s.a(lib_a-putchar.o)
                              obj/observer.o (putchar)
/home/prithvi/DevelopmentTools/gcc-arm-none-eabi-4_8-2013q4/arm-none-eabi/lib/armv6-m/libc_s.a(lib_a-puts.o)
                              obj/observer.o (puts)
/home/prithvi/DevelopmentTools/gcc-arm-none-eabi-4_8-2013q4/arm-none-eabi/lib/armv6-m/libc_s.a(lib_a-strcmp.o)
                              obj/observer.o (strcmp)
/home/prithvi/DevelopmentTools/gcc-arm-none-eabi-4_8-2013q4/arm-none-eabi/lib/armv6-m/libc_s.a(lib_a-strncmp.o)
                              obj/observer.o (strncmp)
/home/prithvi/DevelopmentTools/gcc-arm-none-eabi-4_8-2013q4/arm-none-eabi/lib/armv6-m/libc_s.a(lib_a-vfprintf.o)
                              /home/prithvi/DevelopmentTools/gcc-arm-none-eabi-4_8-2013q4/arm-none-eabi/lib/armv6-m/libc_s.a(lib_a-printf.o) (_vfprintf_r)
/home/prithvi/DevelopmentTools/gcc-arm-none-eabi-4_8-2013q4/arm-none-eabi/lib/armv6-m/libc_s.a(lib_a-vfprintf_float.o)
                              (_printf_float)
/home/prithvi/DevelopmentTools/gcc-arm-none-eabi-4_8-2013q4/arm-none-eabi/lib/armv6-m/libc_s.a(lib_a-vfprintf_i.o)
                              /home/prithvi/DevelopmentTools/gcc-arm-none-eabi-4_8-2013q4/arm-none-eabi/lib/armv6-m/libc_s.a(lib_a-vfprintf_float.o) (_printf_common)
/home/prithvi/DevelopmentTools/gcc-arm-none-eabi-4_8-2013q4/arm-none-eabi/lib/armv6-m/libc_s.a(lib_a-wbuf.o)
                              /home/prithvi/DevelopmentTools/gcc-arm-none-eabi-4_8-2013q4/arm-none-eabi/lib/armv6-m/libc_s.a(lib_a-puts.o) (__swbuf_r)
/home/prithvi/DevelopmentTools/gcc-arm-none-eabi-4_8-2013q4/arm-none-eabi/lib/armv6-m/libc_s.a(lib_a-wsetup.o)
                              /home/prithvi/DevelopmentTools/gcc-arm-none-eabi-4_8-2013q4/arm-none-eabi/lib/armv6-m/libc_s.a(lib_a-puts.o) (__swsetup_r)
/home/prithvi/DevelopmentTools/gcc-arm-none-eabi-4_8-2013q4/arm-none-eabi/lib/armv6-m/libc_s.a(lib_a-dtoa.o)
                              /home/prithvi/DevelopmentTools/gcc-arm-none-eabi-4_8-2013q4/arm-none-eabi/lib/armv6-m/libc_s.a(lib_a-vfprintf_float.o) (_dtoa_r)
/home/prithvi/DevelopmentTools/gcc-arm-none-eabi-4_8-2013q4/arm-none-eabi/lib/armv6-m/libc_s.a(lib_a-fflush.o)
                              /home/prithvi/DevelopmentTools/gcc-arm-none-eabi-4_8-2013q4/arm-none-eabi/lib/armv6-m/libc_s.a(lib_a-wbuf.o) (_fflush_r)
/home/prithvi/DevelopmentTools/gcc-arm-none-eabi-4_8-2013q4/arm-none-eabi/lib/armv6-m/libc_s.a(lib_a-findfp.o)
                              /home/prithvi/DevelopmentTools/gcc-arm-none-eabi-4_8-2013q4/arm-none-eabi/lib/armv6-m/libc_s.a(lib_a-printf.o) (__sinit)
/home/prithvi/DevelopmentTools/gcc-arm-none-eabi-4_8-2013q4/arm-none-eabi/lib/armv6-m/libc_s.a(lib_a-fvwrite.o)
[...]
Memory Configuration

Name             Origin             Length             Attributes
FLASH            0x00000000         0x00040000         xr
RAM              0x20000000         0x00004000         xrw
*default*        0x00000000         0xffffffff

Linker script and memory map

LOAD /home/prithvi/DevelopmentTools/gcc-arm-none-eabi-4_8-2013q4/bin/../lib/gcc/arm-none-eabi/4.8.3/armv6-m/crti.o
LOAD /home/prithvi/DevelopmentTools/gcc-arm-none-eabi-4_8-2013q4/bin/../lib/gcc/arm-none-eabi/4.8.3/armv6-m/crtbegin.o
LOAD /home/prithvi/DevelopmentTools/gcc-arm-none-eabi-4_8-2013q4/bin/../lib/gcc/arm-none-eabi/4.8.3/../../../../arm-none-eabi/lib/armv6-m/crt0.o
LOAD obj/clock-nrf.o
LOAD obj/clock-init.o
LOAD obj/system_nrf51.o
LOAD obj/observer.o
LOAD obj/uart_nrf.o
LOAD obj/main.o
LOAD obj/timer.o
LOAD obj/gcc_startup_nrf51.o
START GROUP
LOAD /home/prithvi/DevelopmentTools/gcc-arm-none-eabi-4_8-2013q4/lib/gcc/arm-none-eabi/4.8.3/armv6-m/libgcc.a
LOAD /home/prithvi/DevelopmentTools/gcc-arm-none-eabi-4_8-2013q4/arm-none-eabi/lib/armv6-m/libc_s.a
END GROUP
START GROUP
LOAD /home/prithvi/DevelopmentTools/gcc-arm-none-eabi-4_8-2013q4/lib/gcc/arm-none-eabi/4.8.3/armv6-m/libgcc.a
LOAD /home/prithvi/DevelopmentTools/gcc-arm-none-eabi-4_8-2013q4/arm-none-eabi/lib/armv6-m/libc_s.a
END GROUP
LOAD /home/prithvi/DevelopmentTools/gcc-arm-none-eabi-4_8-2013q4/bin/../lib/gcc/arm-none-eabi/4.8.3/armv6-m/crtend.o
LOAD /home/prithvi/DevelopmentTools/gcc-arm-none-eabi-4_8-2013q4/bin/../lib/gcc/arm-none-eabi/4.8.3/armv6-m/crtn.o
START GROUP
LOAD /home/prithvi/DevelopmentTools/gcc-arm-none-eabi-4_8-2013q4/lib/gcc/arm-none-eabi/4.8.3/armv6-m/libgcc.a
LOAD /home/prithvi/DevelopmentTools/gcc-arm-none-eabi-4_8-2013q4/arm-none-eabi/lib/armv6-m/libc.a
LOAD /home/prithvi/DevelopmentTools/gcc-arm-none-eabi-4_8-2013q4/arm-none-eabi/lib/armv6-m/libnosys.a
END GROUP

.text           0x00000000     0x64e4
 *(.Vectors)
 .Vectors       0x00000000       0xc0 obj/gcc_startup_nrf51.o
                0x00000000                __Vectors
 *(.text*)
 .text          0x000000c0        0x0 /home/prithvi/DevelopmentTools/gcc-arm-none-eabi-4_8-2013q4/bin/../lib/gcc/arm-none-eabi/4.8.3/armv6-m/crti.o
 .text          0x000000c0       0x60 /home/prithvi/DevelopmentTools/gcc-arm-none-eabi-4_8-2013q4/bin/../lib/gcc/arm-none-eabi/4.8.3/armv6-m/crtbegin.o
 .text          0x00000120       0x78 /home/prithvi/DevelopmentTools/gcc-arm-none-eabi-4_8-2013q4/bin/../lib/gcc/arm-none-eabi/4.8.3/../../../../arm-none-eabi/lib/armv6-m/crt0.o
                0x00000120                _mainCRTStartup
                0x00000120                _start
 .text          0x00000198      0x1a4 obj/clock-nrf.o
                0x00000198                ms_timer_init
                0x000001f4                start_ms_timer
                0x0000027c                stop_ms_timer
                0x000002c8                is_ms_timer_on
                0x000002e0                RTC1_IRQHandler
 .text          0x0000033c       0xf0 obj/clock-init.o
                0x0000033c                lfclk_init
                0x000003ac                lfclk_deinit
                0x000003b8                hfclk_xtal_init
                0x00000420                hfclk_xtal_deinit
 .text          0x0000042c       0xe4 obj/system_nrf51.o
                0x000004c4                SystemCoreClockUpdate
                0x000004d4                SystemInit
 .text          0x00000510      0x718 obj/observer.o
                0x00000aa0                RADIO_IRQHandler
                0x00000b00                obsvr_radio_init
                0x00000c18                obsvr_begin
 .text          0x00000c28      0x160 obj/uart_nrf.o
                0x00000c28                rx_collect
                0x00000c6c                UART0_IRQHandler
                0x00000c98                uart_putchar
                0x00000cc0                _write
                0x00000cdc                set_rx_handler
                0x00000ce8                uart_init
 .text          0x00000d88       0x64 obj/main.o
                0x00000d88                main
 .text          0x00000dec       0x70 obj/timer.o
                0x00000dec                timer_init
                0x00000e1c                printfcomma
 .text          0x00000e5c       0x48 obj/gcc_startup_nrf51.o
                0x00000e5c                Reset_Handler
                0x00000e98                NMI_Handler
                0x00000e9a                HardFault_Handler
                0x00000e9c                SVC_Handler
                0x00000e9e                PendSV_Handler
                0x00000ea0                SysTick_Handler
                0x00000ea2                TIMER2_IRQHandler
                0x00000ea2                SPI0_TWI0_IRQHandler
                0x00000ea2                RTC0_IRQHandler
                0x00000ea2                GPIOTE_IRQHandler
                0x00000ea2                POWER_CLOCK_IRQHandler
                0x00000ea2                SWI4_IRQHandler
                0x00000ea2                TEMP_IRQHandler
                0x00000ea2                QDEC_IRQHandler
                0x00000ea2                SWI5_IRQHandler
                0x00000ea2                TIMER0_IRQHandler
                0x00000ea2                SWI0_IRQHandler
                0x00000ea2                TIMER1_IRQHandler
                0x00000ea2                ECB_IRQHandler
                0x00000ea2                Default_Handler
                0x00000ea2                ADC_IRQHandler
                0x00000ea2                LPCOMP_COMP_IRQHandler
                0x00000ea2                SWI3_IRQHandler
                0x00000ea2                CCM_AAR_IRQHandler
                0x00000ea2                WDT_IRQHandler
                0x00000ea2                SWI2_IRQHandler
                0x00000ea2                RNG_IRQHandler
                0x00000ea2                SPI1_TWI1_IRQHandler
                0x00000ea2                SWI1_IRQHandler
 .text          0x00000ea4       0x9c /home/prithvi/DevelopmentTools/gcc-arm-none-eabi-4_8-2013q4/lib/gcc/arm-none-eabi/4.8.3/armv6-m/libgcc.a(_udivsi3.o)
                0x00000ea4                __udivsi3
                0x00000ea4                __aeabi_uidiv
                0x00000f2c                __aeabi_uidivmod
 .text          0x00000f40       0xc0 /home/prithvi/DevelopmentTools/gcc-arm-none-eabi-4_8-2013q4/lib/gcc/arm-none-eabi/4.8.3/armv6-m/libgcc.a(_divsi3.o)
                0x00000f40                __aeabi_idiv
                0x00000f40                __divsi3
                0x00000fec                __aeabi_idivmod
 .text          0x00001000        0x4 /home/prithvi/DevelopmentTools/gcc-arm-none-eabi-4_8-2013q4/lib/gcc/arm-none-eabi/4.8.3/armv6-m/libgcc.a(_dvmd_tls.o)
                0x00001000                __aeabi_ldiv0
                0x00001000                __aeabi_idiv0
 .text          0x00001004        0x0 /home/prithvi/DevelopmentTools/gcc-arm-none-eabi-4_8-2013q4/arm-none-eabi/lib/armv6-m/libc_s.a(lib_a-exit.o)
 .text.exit     0x00001004       0x2c /home/prithvi/DevelopmentTools/gcc-arm-none-eabi-4_8-2013q4/arm-none-eabi/lib/armv6-m/libc_s.a(lib_a-exit.o)
                0x00001004                exit
 .text          0x00001030        0x0 /home/prithvi/DevelopmentTools/gcc-arm-none-eabi-4_8-2013q4/arm-none-eabi/lib/armv6-m/libc_s.a(lib_a-impure.o)
 .text          0x00001030        0x0 /home/prithvi/DevelopmentTools/gcc-arm-none-eabi-4_8-2013q4/arm-none-eabi/lib/armv6-m/libc_s.a(lib_a-init.o)
 .text.__libc_init_array
                0x00001030       0x4c /home/prithvi/DevelopmentTools/gcc-arm-none-eabi-4_8-2013q4/arm-none-eabi/lib/armv6-m/libc_s.a(lib_a-init.o)
                0x00001030                __libc_init_array
 .text          0x0000107c        0x0 /home/prithvi/DevelopmentTools/gcc-arm-none-eabi-4_8-2013q4/arm-none-eabi/lib/armv6-m/libc_s.a(lib_a-memcpy-stub.o)
 .text.memcpy   0x0000107c       0x12 /home/prithvi/DevelopmentTools/gcc-arm-none-eabi-4_8-2013q4/arm-none-eabi/lib/armv6-m/libc_s.a(lib_a-memcpy-stub.o)
                0x0000107c                memcpy
 .text          0x0000108e        0x0 /home/prithvi/DevelopmentTools/gcc-arm-none-eabi-4_8-2013q4/arm-none-eabi/lib/armv6-m/libc_s.a(lib_a-memset.o)
 .text.memset   0x0000108e       0x10 /home/prithvi/DevelopmentTools/gcc-arm-none-eabi-4_8-2013q4/arm-none-eabi/lib/armv6-m/libc_s.a(lib_a-memset.o)
                0x0000108e                memset
 .text          0x0000109e        0x0 /home/prithvi/DevelopmentTools/gcc-arm-none-eabi-4_8-2013q4/arm-none-eabi/lib/armv6-m/libc_s.a(lib_a-printf.o)
 .text._printf_r
                0x0000109e       0x28 /home/prithvi/DevelopmentTools/gcc-arm-none-eabi-4_8-2013q4/arm-none-eabi/lib/armv6-m/libc_s.a(lib_a-printf.o)
                0x0000109e                _printf_r
                0x0000109e                _iprintf_r
 *fill*         0x000010c6        0x2 
 .text.printf   0x000010c8       0x34 /home/prithvi/DevelopmentTools/gcc-arm-none-eabi-4_8-2013q4/arm-none-eabi/lib/armv6-m/libc_s.a(lib_a-printf.o)
                0x000010c8                printf
                0x000010c8                iprintf
 .text          0x000010fc        0x0 /home/prithvi/DevelopmentTools/gcc-arm-none-eabi-4_8-2013q4/arm-none-eabi/lib/armv6-m/libc_s.a(lib_a-putchar.o)
 .text._putchar_r
                0x000010fc       0x20 /home/prithvi/DevelopmentTools/gcc-arm-none-eabi-4_8-2013q4/arm-none-eabi/lib/armv6-m/libc_s.a(lib_a-putchar.o)
                0x000010fc                _putchar_r
 .text.putchar  0x0000111c       0x28 /home/prithvi/DevelopmentTools/gcc-arm-none-eabi-4_8-2013q4/arm-none-eabi/lib/armv6-m/libc_s.a(lib_a-putchar.o)
                0x0000111c                putchar
 .text          0x00001144        0x0 /home/prithvi/DevelopmentTools/gcc-arm-none-eabi-4_8-2013q4/arm-none-eabi/lib/armv6-m/libc_s.a(lib_a-puts.o)
 .text._puts_r  0x00001144       0xc2 /home/prithvi/DevelopmentTools/gcc-arm-none-eabi-4_8-2013q4/arm-none-eabi/lib/armv6-m/libc_s.a(lib_a-puts.o)
                0x00001144                _puts_r
 *fill*         0x00001206        0x2 
 .text.puts     0x00001208       0x14 /home/prithvi/DevelopmentTools/gcc-arm-none-eabi-4_8-2013q4/arm-none-eabi/lib/armv6-m/libc_s.a(lib_a-puts.o)
                0x00001208                puts
 .text          0x0000121c       0x14 /home/prithvi/DevelopmentTools/gcc-arm-none-eabi-4_8-2013q4/arm-none-eabi/lib/armv6-m/libc_s.a(lib_a-strcmp.o)
                0x0000121c                strcmp
 .text          0x00001230        0x0 /home/prithvi/DevelopmentTools/gcc-arm-none-eabi-4_8-2013q4/arm-none-eabi/lib/armv6-m/libc_s.a(lib_a-strncmp.o)
 .text.strncmp  0x00001230       0x2c /home/prithvi/DevelopmentTools/gcc-arm-none-eabi-4_8-2013q4/arm-none-eabi/lib/armv6-m/libc_s.a(lib_a-strncmp.o)
                0x00001230                strncmp
 .text          0x0000125c        0x0 /home/prithvi/DevelopmentTools/gcc-arm-none-eabi-4_8-2013q4/arm-none-eabi/lib/armv6-m/libc_s.a(lib_a-vfprintf.o)
 .text.__sfputc_r
                0x0000125c       0x2a /home/prithvi/DevelopmentTools/gcc-arm-none-eabi-4_8-2013q4/arm-none-eabi/lib/armv6-m/libc_s.a(lib_a-vfprintf.o)
 .text.__sfputs_r
                0x00001286       0x24 /home/prithvi/DevelopmentTools/gcc-arm-none-eabi-4_8-2013q4/arm-none-eabi/lib/armv6-m/libc_s.a(lib_a-vfprintf.o)
                0x00001286                __sfputs_r
 .text.__sprint_r
                0x000012aa       0x1c /home/prithvi/DevelopmentTools/gcc-arm-none-eabi-4_8-2013q4/arm-none-eabi/lib/armv6-m/libc_s.a(lib_a-vfprintf.o)
                0x000012aa                __sprint_r
 *fill*         0x000012c6        0x2 
 .text._vfprintf_r
                0x000012c8      0x210 /home/prithvi/DevelopmentTools/gcc-arm-none-eabi-4_8-2013q4/arm-none-eabi/lib/armv6-m/libc_s.a(lib_a-vfprintf.o)
                0x000012c8                _vfiprintf_r
                0x000012c8                _vfprintf_r
 .text.vfprintf
                0x000014d8       0x1c /home/prithvi/DevelopmentTools/gcc-arm-none-eabi-4_8-2013q4/arm-none-eabi/lib/armv6-m/libc_s.a(lib_a-vfprintf.o)
                0x000014d8                vfiprintf
                0x000014d8                vfprintf
 .text          0x000014f4        0x0 /home/prithvi/DevelopmentTools/gcc-arm-none-eabi-4_8-2013q4/arm-none-eabi/lib/armv6-m/libc_s.a(lib_a-vfprintf_float.o)
 *fill*         0x000014f4        0x4 
 .text.__cvt    0x000014f8       0xd0 /home/prithvi/DevelopmentTools/gcc-arm-none-eabi-4_8-2013q4/arm-none-eabi/lib/armv6-m/libc_s.a(lib_a-vfprintf_float.o)
                0x000014f8                __cvt
 .text.__exponent
                0x000015c8       0x6a /home/prithvi/DevelopmentTools/gcc-arm-none-eabi-4_8-2013q4/arm-none-eabi/lib/armv6-m/libc_s.a(lib_a-vfprintf_float.o)
                0x000015c8                __exponent
 *fill*         0x00001632        0x6 
 .text._printf_float
                0x00001638      0x458 /home/prithvi/DevelopmentTools/gcc-arm-none-eabi-4_8-2013q4/arm-none-eabi/lib/armv6-m/libc_s.a(lib_a-vfprintf_float.o)
                0x00001638                _printf_float
 .text          0x00001a90        0x0 /home/prithvi/DevelopmentTools/gcc-arm-none-eabi-4_8-2013q4/arm-none-eabi/lib/armv6-m/libc_s.a(lib_a-vfprintf_i.o)
 .text._printf_common
                0x00001a90       0xe8 /home/prithvi/DevelopmentTools/gcc-arm-none-eabi-4_8-2013q4/arm-none-eabi/lib/armv6-m/libc_s.a(lib_a-vfprintf_i.o)
                0x00001a90                _printf_common
 .text._printf_i
                0x00001b78      0x22c /home/prithvi/DevelopmentTools/gcc-arm-none-eabi-4_8-2013q4/arm-none-eabi/lib/armv6-m/libc_s.a(lib_a-vfprintf_i.o)
                0x00001b78                _printf_i
 .text          0x00001da4        0x0 /home/prithvi/DevelopmentTools/gcc-arm-none-eabi-4_8-2013q4/arm-none-eabi/lib/armv6-m/libc_s.a(lib_a-wbuf.o)
 .text.__swbuf_r
                0x00001da4       0xb0 /home/prithvi/DevelopmentTools/gcc-arm-none-eabi-4_8-2013q4/arm-none-eabi/lib/armv6-m/libc_s.a(lib_a-wbuf.o)
                0x00001da4                __swbuf_r
 .text.__swbuf  0x00001e54       0x18 /home/prithvi/DevelopmentTools/gcc-arm-none-eabi-4_8-2013q4/arm-none-eabi/lib/armv6-m/libc_s.a(lib_a-wbuf.o)
                0x00001e54                __swbuf
 .text          0x00001e6c        0x0 /home/prithvi/DevelopmentTools/gcc-arm-none-eabi-4_8-2013q4/arm-none-eabi/lib/armv6-m/libc_s.a(lib_a-wsetup.o)
 .text.__swsetup_r
                0x00001e6c       0xe4 /home/prithvi/DevelopmentTools/gcc-arm-none-eabi-4_8-2013q4/arm-none-eabi/lib/armv6-m/libc_s.a(lib_a-wsetup.o)
                0x00001e6c                __swsetup_r
 .text          0x00001f50        0x0 /home/prithvi/DevelopmentTools/gcc-arm-none-eabi-4_8-2013q4/arm-none-eabi/lib/armv6-m/libc_s.a(lib_a-dtoa.o)
 .text.quorem   0x00001f50      0x118 /home/prithvi/DevelopmentTools/gcc-arm-none-eabi-4_8-2013q4/arm-none-eabi/lib/armv6-m/libc_s.a(lib_a-dtoa.o)
 .text._dtoa_r  0x00002068      0xbb8 /home/prithvi/DevelopmentTools/gcc-arm-none-eabi-4_8-2013q4/arm-none-eabi/lib/armv6-m/libc_s.a(lib_a-dtoa.o)
                0x00002068                _dtoa_r
 .text          0x00002c20        0x0 /home/prithvi/DevelopmentTools/gcc-arm-none-eabi-4_8-2013q4/arm-none-eabi/lib/armv6-m/libc_s.a(lib_a-fflush.o)
 .text.__sflush_r
                0x00002c20      0x112 /home/prithvi/DevelopmentTools/gcc-arm-none-eabi-4_8-2013q4/arm-none-eabi/lib/armv6-m/libc_s.a(lib_a-fflush.o)
                0x00002c20                __sflush_r
 *fill*         0x00002d32        0x2 
 .text._fflush_r
                0x00002d34       0x58 /home/prithvi/DevelopmentTools/gcc-arm-none-eabi-4_8-2013q4/arm-none-eabi/lib/armv6-m/libc_s.a(lib_a-fflush.o)
                0x00002d34                _fflush_r
 .text.fflush   0x00002d8c       0x28 /home/prithvi/DevelopmentTools/gcc-arm-none-eabi-4_8-2013q4/arm-none-eabi/lib/armv6-m/libc_s.a(lib_a-fflush.o)
                0x00002d8c                fflush
 .text          0x00002db4        0x0 /home/prithvi/DevelopmentTools/gcc-arm-none-eabi-4_8-2013q4/arm-none-eabi/lib/armv6-m/libc_s.a(lib_a-findfp.o)
 .text.__fp_lock
                0x00002db4        0x4 /home/prithvi/DevelopmentTools/gcc-arm-none-eabi-4_8-2013q4/arm-none-eabi/lib/armv6-m/libc_s.a(lib_a-findfp.o)
 .text.__fp_unlock
                0x00002db8        0x4 /home/prithvi/DevelopmentTools/gcc-arm-none-eabi-4_8-2013q4/arm-none-eabi/lib/armv6-m/libc_s.a(lib_a-findfp.o)
 .text._cleanup_r
                0x00002dbc       0x34 /home/prithvi/DevelopmentTools/gcc-arm-none-eabi-4_8-2013q4/arm-none-eabi/lib/armv6-m/libc_s.a(lib_a-findfp.o)
                0x00002dbc                _cleanup_r
 .text.std.isra.0
                0x00002df0       0x48 /home/prithvi/DevelopmentTools/gcc-arm-none-eabi-4_8-2013q4/arm-none-eabi/lib/armv6-m/libc_s.a(lib_a-findfp.o)
 .text.__sfmoreglue
                0x00002e38       0x2c /home/prithvi/DevelopmentTools/gcc-arm-none-eabi-4_8-2013q4/arm-none-eabi/lib/armv6-m/libc_s.a(lib_a-findfp.o)
                0x00002e38                __sfmoreglue
 .text._cleanup
                0x00002e64       0x10 /home/prithvi/DevelopmentTools/gcc-arm-none-eabi-4_8-2013q4/arm-none-eabi/lib/armv6-m/libc_s.a(lib_a-findfp.o)
                0x00002e64                _cleanup
 .text.__sinit  0x00002e74       0x64 /home/prithvi/DevelopmentTools/gcc-arm-none-eabi-4_8-2013q4/arm-none-eabi/lib/armv6-m/libc_s.a(lib_a-findfp.o)
                0x00002e74                __sinit
 .text.__sfp    0x00002ed8       0x7c /home/prithvi/DevelopmentTools/gcc-arm-none-eabi-4_8-2013q4/arm-none-eabi/lib/armv6-m/libc_s.a(lib_a-findfp.o)
                0x00002ed8                __sfp
 .text.__sfp_lock_acquire
                0x00002f54        0x2 /home/prithvi/DevelopmentTools/gcc-arm-none-eabi-4_8-2013q4/arm-none-eabi/lib/armv6-m/libc_s.a(lib_a-findfp.o)
                0x00002f54                __sfp_lock_acquire
 .text.__sfp_lock_release
                0x00002f56        0x2 /home/prithvi/DevelopmentTools/gcc-arm-none-eabi-4_8-2013q4/arm-none-eabi/lib/armv6-m/libc_s.a(lib_a-findfp.o)
                0x00002f56                __sfp_lock_release
 .text.__sinit_lock_acquire
                0x00002f58        0x2 /home/prithvi/DevelopmentTools/gcc-arm-none-eabi-4_8-2013q4/arm-none-eabi/lib/armv6-m/libc_s.a(lib_a-findfp.o)
                0x00002f58                __sinit_lock_acquire
 .text.__sinit_lock_release
                0x00002f5a        0x2 /home/prithvi/DevelopmentTools/gcc-arm-none-eabi-4_8-2013q4/arm-none-eabi/lib/armv6-m/libc_s.a(lib_a-findfp.o)
                0x00002f5a                __sinit_lock_release
 .text.__fp_lock_all
                0x00002f5c       0x18 /home/prithvi/DevelopmentTools/gcc-arm-none-eabi-4_8-2013q4/arm-none-eabi/lib/armv6-m/libc_s.a(lib_a-findfp.o)
                0x00002f5c                __fp_lock_all
 .text.__fp_unlock_all
                0x00002f74       0x18 /home/prithvi/DevelopmentTools/gcc-arm-none-eabi-4_8-2013q4/arm-none-eabi/lib/armv6-m/libc_s.a(lib_a-findfp.o)
                0x00002f74                __fp_unlock_all
 .text          0x00002f8c        0x0 /home/prithvi/DevelopmentTools/gcc-arm-none-eabi-4_8-2013q4/arm-none-eabi/lib/armv6-m/libc_s.a(lib_a-fvwrite.o)
 .text.__sfvwrite_r
                0x00002f8c      0x2b4 /home/prithvi/DevelopmentTools/gcc-arm-none-eabi-4_8-2013q4/arm-none-eabi/lib/armv6-m/libc_s.a(lib_a-fvwrite.o)
                0x00002f8c                __sfvwrite_r
 .text          0x00003240        0x0 /home/prithvi/DevelopmentTools/gcc-arm-none-eabi-4_8-2013q4/arm-none-eabi/lib/armv6-m/libc_s.a(lib_a-fwalk.o)
 .text._fwalk   0x00003240       0x38 /home/prithvi/DevelopmentTools/gcc-arm-none-eabi-4_8-2013q4/arm-none-eabi/lib/armv6-m/libc_s.a(lib_a-fwalk.o)
                0x00003240                _fwalk
 .text._fwalk_reent
                0x00003278       0x42 /home/prithvi/DevelopmentTools/gcc-arm-none-eabi-4_8-2013q4/arm-none-eabi/lib/armv6-m/libc_s.a(lib_a-fwalk.o)
                0x00003278                _fwalk_reent
 .text          0x000032ba        0x0 /home/prithvi/DevelopmentTools/gcc-arm-none-eabi-4_8-2013q4/arm-none-eabi/lib/armv6-m/libc_s.a(lib_a-locale.o)
 *fill*         0x000032ba        0x2 
 .text._setlocale_r
                0x000032bc       0x44 /home/prithvi/DevelopmentTools/gcc-arm-none-eabi-4_8-2013q4/arm-none-eabi/lib/armv6-m/libc_s.a(lib_a-locale.o)
                0x000032bc                _setlocale_r
 .text.__locale_charset
                0x00003300        0x8 /home/prithvi/DevelopmentTools/gcc-arm-none-eabi-4_8-2013q4/arm-none-eabi/lib/armv6-m/libc_s.a(lib_a-locale.o)
                0x00003300                __locale_charset
 .text.__locale_mb_cur_max
                0x00003308        0xc /home/prithvi/DevelopmentTools/gcc-arm-none-eabi-4_8-2013q4/arm-none-eabi/lib/armv6-m/libc_s.a(lib_a-locale.o)
                0x00003308                __locale_mb_cur_max
 .text.__locale_msgcharset
                0x00003314        0x8 /home/prithvi/DevelopmentTools/gcc-arm-none-eabi-4_8-2013q4/arm-none-eabi/lib/armv6-m/libc_s.a(lib_a-locale.o)
                0x00003314                __locale_msgcharset
 .text.__locale_cjk_lang
                0x0000331c        0x4 /home/prithvi/DevelopmentTools/gcc-arm-none-eabi-4_8-2013q4/arm-none-eabi/lib/armv6-m/libc_s.a(lib_a-locale.o)
                0x0000331c                __locale_cjk_lang
 .text._localeconv_r
                0x00003320        0x8 /home/prithvi/DevelopmentTools/gcc-arm-none-eabi-4_8-2013q4/arm-none-eabi/lib/armv6-m/libc_s.a(lib_a-locale.o)
                0x00003320                _localeconv_r
 .text.setlocale
                0x00003328       0x18 /home/prithvi/DevelopmentTools/gcc-arm-none-eabi-4_8-2013q4/arm-none-eabi/lib/armv6-m/libc_s.a(lib_a-locale.o)
                0x00003328                setlocale
 .text.localeconv
                0x00003340        0x8 /home/prithvi/DevelopmentTools/gcc-arm-none-eabi-4_8-2013q4/arm-none-eabi/lib/armv6-m/libc_s.a(lib_a-locale.o)
                0x00003340                localeconv
 .text          0x00003348        0x0 /home/prithvi/DevelopmentTools/gcc-arm-none-eabi-4_8-2013q4/arm-none-eabi/lib/armv6-m/libc_s.a(lib_a-makebuf.o)
 .text.__smakebuf_r
                0x00003348       0xa0 /home/prithvi/DevelopmentTools/gcc-arm-none-eabi-4_8-2013q4/arm-none-eabi/lib/armv6-m/libc_s.a(lib_a-makebuf.o)
                0x00003348                __smakebuf_r
 .text          0x000033e8        0x0 /home/prithvi/DevelopmentTools/gcc-arm-none-eabi-4_8-2013q4/arm-none-eabi/lib/armv6-m/libc_s.a(lib_a-malloc.o)
 .text.malloc   0x000033e8       0x14 /home/prithvi/DevelopmentTools/gcc-arm-none-eabi-4_8-2013q4/arm-none-eabi/lib/armv6-m/libc_s.a(lib_a-malloc.o)
                0x000033e8                malloc
 .text.free     0x000033fc       0x14 /home/prithvi/DevelopmentTools/gcc-arm-none-eabi-4_8-2013q4/arm-none-eabi/lib/armv6-m/libc_s.a(lib_a-malloc.o)
                0x000033fc                free
 .text          0x00003410        0x0 /home/prithvi/DevelopmentTools/gcc-arm-none-eabi-4_8-2013q4/arm-none-eabi/lib/armv6-m/libc_s.a(lib_a-memchr-stub.o)
 .text.memchr   0x00003410       0x16 /home/prithvi/DevelopmentTools/gcc-arm-none-eabi-4_8-2013q4/arm-none-eabi/lib/armv6-m/libc_s.a(lib_a-memchr-stub.o)
                0x00003410                memchr
 .text          0x00003426        0x0 /home/prithvi/DevelopmentTools/gcc-arm-none-eabi-4_8-2013q4/arm-none-eabi/lib/armv6-m/libc_s.a(lib_a-memmove.o)
 .text.memmove  0x00003426       0x32 /home/prithvi/DevelopmentTools/gcc-arm-none-eabi-4_8-2013q4/arm-none-eabi/lib/armv6-m/libc_s.a(lib_a-memmove.o)
                0x00003426                memmove
 .text          0x00003458        0x0 /home/prithvi/DevelopmentTools/gcc-arm-none-eabi-4_8-2013q4/arm-none-eabi/lib/armv6-m/libc_s.a(lib_a-mprec.o)
 .text._Balloc  0x00003458       0x70 /home/prithvi/DevelopmentTools/gcc-arm-none-eabi-4_8-2013q4/arm-none-eabi/lib/armv6-m/libc_s.a(lib_a-mprec.o)
                0x00003458                _Balloc
 .text._Bfree   0x000034c8       0x32 /home/prithvi/DevelopmentTools/gcc-arm-none-eabi-4_8-2013q4/arm-none-eabi/lib/armv6-m/libc_s.a(lib_a-mprec.o)
                0x000034c8                _Bfree
 .text.__multadd
                0x000034fa       0x7c /home/prithvi/DevelopmentTools/gcc-arm-none-eabi-4_8-2013q4/arm-none-eabi/lib/armv6-m/libc_s.a(lib_a-mprec.o)
                0x000034fa                __multadd
 .text.__s2b    0x00003576       0x80 /home/prithvi/DevelopmentTools/gcc-arm-none-eabi-4_8-2013q4/arm-none-eabi/lib/armv6-m/libc_s.a(lib_a-mprec.o)
                0x00003576                __s2b
 .text.__hi0bits
                0x000035f6       0x38 /home/prithvi/DevelopmentTools/gcc-arm-none-eabi-4_8-2013q4/arm-none-eabi/lib/armv6-m/libc_s.a(lib_a-mprec.o)
                0x000035f6                __hi0bits
 .text.__lo0bits
                0x0000362e       0x5a /home/prithvi/DevelopmentTools/gcc-arm-none-eabi-4_8-2013q4/arm-none-eabi/lib/armv6-m/libc_s.a(lib_a-mprec.o)
                0x0000362e                __lo0bits
 .text.__i2b    0x00003688       0x12 /home/prithvi/DevelopmentTools/gcc-arm-none-eabi-4_8-2013q4/arm-none-eabi/lib/armv6-m/libc_s.a(lib_a-mprec.o)
                0x00003688                __i2b
 .text.__multiply
                0x0000369a      0x11e /home/prithvi/DevelopmentTools/gcc-arm-none-eabi-4_8-2013q4/arm-none-eabi/lib/armv6-m/libc_s.a(lib_a-mprec.o)
                0x0000369a                __multiply
 .text.__pow5mult
                0x000037b8       0xa4 /home/prithvi/DevelopmentTools/gcc-arm-none-eabi-4_8-2013q4/arm-none-eabi/lib/armv6-m/libc_s.a(lib_a-mprec.o)
                0x000037b8                __pow5mult
 .text.__lshift
                0x0000385c       0xa4 /home/prithvi/DevelopmentTools/gcc-arm-none-eabi-4_8-2013q4/arm-none-eabi/lib/armv6-m/libc_s.a(lib_a-mprec.o)
                0x0000385c                __lshift
 .text.__mcmp   0x00003900       0x36 /home/prithvi/DevelopmentTools/gcc-arm-none-eabi-4_8-2013q4/arm-none-eabi/lib/armv6-m/libc_s.a(lib_a-mprec.o)
                0x00003900                __mcmp
 .text.__mdiff  0x00003936       0xcc /home/prithvi/DevelopmentTools/gcc-arm-none-eabi-4_8-2013q4/arm-none-eabi/lib/armv6-m/libc_s.a(lib_a-mprec.o)
                0x00003936                __mdiff
 *fill*         0x00003a02        0x2 
 .text.__ulp    0x00003a04       0x44 /home/prithvi/DevelopmentTools/gcc-arm-none-eabi-4_8-2013q4/arm-none-eabi/lib/armv6-m/libc_s.a(lib_a-mprec.o)
                0x00003a04                __ulp
 .text.__b2d    0x00003a48       0xa4 /home/prithvi/DevelopmentTools/gcc-arm-none-eabi-4_8-2013q4/arm-none-eabi/lib/armv6-m/libc_s.a(lib_a-mprec.o)
                0x00003a48                __b2d
 .text.__d2b    0x00003aec       0xb0 /home/prithvi/DevelopmentTools/gcc-arm-none-eabi-4_8-2013q4/arm-none-eabi/lib/armv6-m/libc_s.a(lib_a-mprec.o)
                0x00003aec                __d2b
 .text.__ratio  0x00003b9c       0x48 /home/prithvi/DevelopmentTools/gcc-arm-none-eabi-4_8-2013q4/arm-none-eabi/lib/armv6-m/libc_s.a(lib_a-mprec.o)
                0x00003b9c                __ratio
 *fill*         0x00003be4        0x4 
 .text._mprec_log10
                0x00003be8       0x40 /home/prithvi/DevelopmentTools/gcc-arm-none-eabi-4_8-2013q4/arm-none-eabi/lib/armv6-m/libc_s.a(lib_a-mprec.o)
                0x00003be8                _mprec_log10
 .text.__copybits
                0x00003c28       0x2c /home/prithvi/DevelopmentTools/gcc-arm-none-eabi-4_8-2013q4/arm-none-eabi/lib/armv6-m/libc_s.a(lib_a-mprec.o)
                0x00003c28                __copybits
 .text.__any_on
                0x00003c54       0x44 /home/prithvi/DevelopmentTools/gcc-arm-none-eabi-4_8-2013q4/arm-none-eabi/lib/armv6-m/libc_s.a(lib_a-mprec.o)
                0x00003c54                __any_on
 .text          0x00003c98        0x0 /home/prithvi/DevelopmentTools/gcc-arm-none-eabi-4_8-2013q4/arm-none-eabi/lib/armv6-m/libc_s.a(lib_a-nano-callocr.o)
 .text._calloc_r
                0x00003c98       0x1c /home/prithvi/DevelopmentTools/gcc-arm-none-eabi-4_8-2013q4/arm-none-eabi/lib/armv6-m/libc_s.a(lib_a-nano-callocr.o)
                0x00003c98                _calloc_r
 .text          0x00003cb4        0x0 /home/prithvi/DevelopmentTools/gcc-arm-none-eabi-4_8-2013q4/arm-none-eabi/lib/armv6-m/libc_s.a(lib_a-nano-freer.o)
 .text._free_r  0x00003cb4       0x90 /home/prithvi/DevelopmentTools/gcc-arm-none-eabi-4_8-2013q4/arm-none-eabi/lib/armv6-m/libc_s.a(lib_a-nano-freer.o)
                0x00003cb4                _free_r
 .text          0x00003d44        0x0 /home/prithvi/DevelopmentTools/gcc-arm-none-eabi-4_8-2013q4/arm-none-eabi/lib/armv6-m/libc_s.a(lib_a-nano-mallocr.o)
 .text._malloc_r
                0x00003d44       0xa8 /home/prithvi/DevelopmentTools/gcc-arm-none-eabi-4_8-2013q4/arm-none-eabi/lib/armv6-m/libc_s.a(lib_a-nano-mallocr.o)
                0x00003d44                _malloc_r
 .text          0x00003dec        0x0 /home/prithvi/DevelopmentTools/gcc-arm-none-eabi-4_8-2013q4/arm-none-eabi/lib/armv6-m/libc_s.a(lib_a-nano-reallocr.o)
 .text._realloc_r
                0x00003dec       0x4c /home/prithvi/DevelopmentTools/gcc-arm-none-eabi-4_8-2013q4/arm-none-eabi/lib/armv6-m/libc_s.a(lib_a-nano-reallocr.o)
                0x00003dec                _realloc_r
 .text          0x00003e38        0x0 /home/prithvi/DevelopmentTools/gcc-arm-none-eabi-4_8-2013q4/arm-none-eabi/lib/armv6-m/libc_s.a(lib_a-putc.o)
 .text._putc_r  0x00003e38       0x78 /home/prithvi/DevelopmentTools/gcc-arm-none-eabi-4_8-2013q4/arm-none-eabi/lib/armv6-m/libc_s.a(lib_a-putc.o)
                0x00003e38                _putc_r
 .text.putc     0x00003eb0       0x18 /home/prithvi/DevelopmentTools/gcc-arm-none-eabi-4_8-2013q4/arm-none-eabi/lib/armv6-m/libc_s.a(lib_a-putc.o)
                0x00003eb0                putc
 .text          0x00003ec8        0x0 /home/prithvi/DevelopmentTools/gcc-arm-none-eabi-4_8-2013q4/arm-none-eabi/lib/armv6-m/libc_s.a(lib_a-s_fpclassify.o)
 .text.__fpclassifyd
                0x00003ec8       0x54 /home/prithvi/DevelopmentTools/gcc-arm-none-eabi-4_8-2013q4/arm-none-eabi/lib/armv6-m/libc_s.a(lib_a-s_fpclassify.o)
                0x00003ec8                __fpclassifyd
 .text          0x00003f1c        0x0 /home/prithvi/DevelopmentTools/gcc-arm-none-eabi-4_8-2013q4/arm-none-eabi/lib/armv6-m/libc_s.a(lib_a-sbrkr.o)
 .text._sbrk_r  0x00003f1c       0x24 /home/prithvi/DevelopmentTools/gcc-arm-none-eabi-4_8-2013q4/arm-none-eabi/lib/armv6-m/libc_s.a(lib_a-sbrkr.o)
                0x00003f1c                _sbrk_r
 .text          0x00003f40        0x0 /home/prithvi/DevelopmentTools/gcc-arm-none-eabi-4_8-2013q4/arm-none-eabi/lib/armv6-m/libc_s.a(lib_a-stdio.o)
 .text.__sread  0x00003f40       0x28 /home/prithvi/DevelopmentTools/gcc-arm-none-eabi-4_8-2013q4/arm-none-eabi/lib/armv6-m/libc_s.a(lib_a-stdio.o)
                0x00003f40                __sread
 .text.__seofread
                0x00003f68        0x4 /home/prithvi/DevelopmentTools/gcc-arm-none-eabi-4_8-2013q4/arm-none-eabi/lib/armv6-m/libc_s.a(lib_a-stdio.o)
                0x00003f68                __seofread
 .text.__swrite
                0x00003f6c       0x38 /home/prithvi/DevelopmentTools/gcc-arm-none-eabi-4_8-2013q4/arm-none-eabi/lib/armv6-m/libc_s.a(lib_a-stdio.o)
                0x00003f6c                __swrite
 .text.__sseek  0x00003fa4       0x2c /home/prithvi/DevelopmentTools/gcc-arm-none-eabi-4_8-2013q4/arm-none-eabi/lib/armv6-m/libc_s.a(lib_a-stdio.o)
                0x00003fa4                __sseek
 .text.__sclose
                0x00003fd0        0xc /home/prithvi/DevelopmentTools/gcc-arm-none-eabi-4_8-2013q4/arm-none-eabi/lib/armv6-m/libc_s.a(lib_a-stdio.o)
                0x00003fd0                __sclose
 .text          0x00003fdc        0x0 /home/prithvi/DevelopmentTools/gcc-arm-none-eabi-4_8-2013q4/arm-none-eabi/lib/armv6-m/libc_s.a(lib_a-strlen.o)
 .text.strlen   0x00003fdc        0xe /home/prithvi/DevelopmentTools/gcc-arm-none-eabi-4_8-2013q4/arm-none-eabi/lib/armv6-m/libc_s.a(lib_a-strlen.o)
                0x00003fdc                strlen
 .text          0x00003fea        0x0 /home/prithvi/DevelopmentTools/gcc-arm-none-eabi-4_8-2013q4/arm-none-eabi/lib/armv6-m/libc_s.a(lib_a-writer.o)
 *fill*         0x00003fea        0x2 
 .text._write_r
                0x00003fec       0x28 /home/prithvi/DevelopmentTools/gcc-arm-none-eabi-4_8-2013q4/arm-none-eabi/lib/armv6-m/libc_s.a(lib_a-writer.o)
                0x00003fec                _write_r
 .text          0x00004014        0x0 /home/prithvi/DevelopmentTools/gcc-arm-none-eabi-4_8-2013q4/arm-none-eabi/lib/armv6-m/libc_s.a(lib_a-closer.o)
 .text._close_r
                0x00004014       0x24 /home/prithvi/DevelopmentTools/gcc-arm-none-eabi-4_8-2013q4/arm-none-eabi/lib/armv6-m/libc_s.a(lib_a-closer.o)
                0x00004014                _close_r
 .text          0x00004038        0x0 /home/prithvi/DevelopmentTools/gcc-arm-none-eabi-4_8-2013q4/arm-none-eabi/lib/armv6-m/libc_s.a(lib_a-fstatr.o)
 .text._fstat_r
                0x00004038       0x24 /home/prithvi/DevelopmentTools/gcc-arm-none-eabi-4_8-2013q4/arm-none-eabi/lib/armv6-m/libc_s.a(lib_a-fstatr.o)
                0x00004038                _fstat_r
 .text          0x0000405c        0x0 /home/prithvi/DevelopmentTools/gcc-arm-none-eabi-4_8-2013q4/arm-none-eabi/lib/armv6-m/libc_s.a(lib_a-isattyr.o)
 .text._isatty_r
                0x0000405c       0x24 /home/prithvi/DevelopmentTools/gcc-arm-none-eabi-4_8-2013q4/arm-none-eabi/lib/armv6-m/libc_s.a(lib_a-isattyr.o)
                0x0000405c                _isatty_r
 .text          0x00004080        0x0 /home/prithvi/DevelopmentTools/gcc-arm-none-eabi-4_8-2013q4/arm-none-eabi/lib/armv6-m/libc_s.a(lib_a-lseekr.o)
 .text._lseek_r
                0x00004080       0x28 /home/prithvi/DevelopmentTools/gcc-arm-none-eabi-4_8-2013q4/arm-none-eabi/lib/armv6-m/libc_s.a(lib_a-lseekr.o)
                0x00004080                _lseek_r
 .text          0x000040a8        0x0 /home/prithvi/DevelopmentTools/gcc-arm-none-eabi-4_8-2013q4/arm-none-eabi/lib/armv6-m/libc_s.a(lib_a-nano-msizer.o)
 .text._malloc_usable_size_r
                0x000040a8       0x12 /home/prithvi/DevelopmentTools/gcc-arm-none-eabi-4_8-2013q4/arm-none-eabi/lib/armv6-m/libc_s.a(lib_a-nano-msizer.o)
                0x000040a8                _malloc_usable_size_r
 .text          0x000040ba        0x0 /home/prithvi/DevelopmentTools/gcc-arm-none-eabi-4_8-2013q4/arm-none-eabi/lib/armv6-m/libc_s.a(lib_a-readr.o)
 *fill*         0x000040ba        0x2 
 .text._read_r  0x000040bc       0x28 /home/prithvi/DevelopmentTools/gcc-arm-none-eabi-4_8-2013q4/arm-none-eabi/lib/armv6-m/libc_s.a(lib_a-readr.o)
                0x000040bc                _read_r
 .text          0x000040e4        0x0 /home/prithvi/DevelopmentTools/gcc-arm-none-eabi-4_8-2013q4/arm-none-eabi/lib/armv6-m/libc_s.a(lib_a-reent.o)
 .text.cleanup_glue
                0x000040e4       0x1a /home/prithvi/DevelopmentTools/gcc-arm-none-eabi-4_8-2013q4/arm-none-eabi/lib/armv6-m/libc_s.a(lib_a-reent.o)
                0x000040e4                cleanup_glue
 *fill*         0x000040fe        0x2 
 .text._reclaim_reent
                0x00004100       0xcc /home/prithvi/DevelopmentTools/gcc-arm-none-eabi-4_8-2013q4/arm-none-eabi/lib/armv6-m/libc_s.a(lib_a-reent.o)
                0x00004100                _reclaim_reent
 .text          0x000041cc       0x14 /home/prithvi/DevelopmentTools/gcc-arm-none-eabi-4_8-2013q4/lib/gcc/arm-none-eabi/4.8.3/armv6-m/libgcc.a(_thumb1_case_uqi.o)
                0x000041cc                __gnu_thumb1_case_uqi
 .text          0x000041e0       0x7c /home/prithvi/DevelopmentTools/gcc-arm-none-eabi-4_8-2013q4/lib/gcc/arm-none-eabi/4.8.3/armv6-m/libgcc.a(_arm_cmpdf2.o)
                0x000041e0                __aeabi_cdrcmple
                0x000041f0                __aeabi_cdcmple
                0x000041f0                __aeabi_cdcmpeq
                0x00004200                __aeabi_dcmpeq
                0x0000420c                __aeabi_dcmplt
                0x00004220                __aeabi_dcmple
                0x00004234                __aeabi_dcmpgt
                0x00004248                __aeabi_dcmpge
 .text          0x0000425c      0x648 /home/prithvi/DevelopmentTools/gcc-arm-none-eabi-4_8-2013q4/lib/gcc/arm-none-eabi/4.8.3/armv6-m/libgcc.a(adddf3.o)
                0x0000425c                __aeabi_dadd
 .text          0x000048a4      0x650 /home/prithvi/DevelopmentTools/gcc-arm-none-eabi-4_8-2013q4/lib/gcc/arm-none-eabi/4.8.3/armv6-m/libgcc.a(divdf3.o)
                0x000048a4                __aeabi_ddiv
 .text          0x00004ef4       0x94 /home/prithvi/DevelopmentTools/gcc-arm-none-eabi-4_8-2013q4/lib/gcc/arm-none-eabi/4.8.3/armv6-m/libgcc.a(eqdf2.o)
                0x00004ef4                __eqdf2
                0x00004ef4                __nedf2
 .text          0x00004f88       0xf4 /home/prithvi/DevelopmentTools/gcc-arm-none-eabi-4_8-2013q4/lib/gcc/arm-none-eabi/4.8.3/armv6-m/libgcc.a(gedf2.o)
                0x00004f88                __gtdf2
                0x00004f88                __gedf2
 .text          0x0000507c      0x108 /home/prithvi/DevelopmentTools/gcc-arm-none-eabi-4_8-2013q4/lib/gcc/arm-none-eabi/4.8.3/armv6-m/libgcc.a(ledf2.o)
                0x0000507c                __ltdf2
                0x0000507c                __ledf2
 .text          0x00005184      0x524 /home/prithvi/DevelopmentTools/gcc-arm-none-eabi-4_8-2013q4/lib/gcc/arm-none-eabi/4.8.3/armv6-m/libgcc.a(muldf3.o)
                0x00005184                __aeabi_dmul
 .text          0x000056a8      0x66c /home/prithvi/DevelopmentTools/gcc-arm-none-eabi-4_8-2013q4/lib/gcc/arm-none-eabi/4.8.3/armv6-m/libgcc.a(subdf3.o)
                0x000056a8                __aeabi_dsub
 .text          0x00005d14       0x68 /home/prithvi/DevelopmentTools/gcc-arm-none-eabi-4_8-2013q4/lib/gcc/arm-none-eabi/4.8.3/armv6-m/libgcc.a(fixdfsi.o)
                0x00005d14                __aeabi_d2iz
 .text          0x00005d7c       0x7c /home/prithvi/DevelopmentTools/gcc-arm-none-eabi-4_8-2013q4/lib/gcc/arm-none-eabi/4.8.3/armv6-m/libgcc.a(floatsidf.o)
                0x00005d7c                __aeabi_i2d
 .text          0x00005df8       0x68 /home/prithvi/DevelopmentTools/gcc-arm-none-eabi-4_8-2013q4/lib/gcc/arm-none-eabi/4.8.3/armv6-m/libgcc.a(floatunsidf.o)
                0x00005df8                __aeabi_ui2d
 .text          0x00005e60       0x3c /home/prithvi/DevelopmentTools/gcc-arm-none-eabi-4_8-2013q4/lib/gcc/arm-none-eabi/4.8.3/armv6-m/libgcc.a(_clzsi2.o)
                0x00005e60                __clzsi2
 .text          0x00005e9c        0x0 /home/prithvi/DevelopmentTools/gcc-arm-none-eabi-4_8-2013q4/bin/../lib/gcc/arm-none-eabi/4.8.3/armv6-m/crtend.o
 .text          0x00005e9c        0x0 /home/prithvi/DevelopmentTools/gcc-arm-none-eabi-4_8-2013q4/bin/../lib/gcc/arm-none-eabi/4.8.3/armv6-m/crtn.o
 .text          0x00005e9c        0x0 /home/prithvi/DevelopmentTools/gcc-arm-none-eabi-4_8-2013q4/arm-none-eabi/lib/armv6-m/libnosys.a(close.o)
 .text._close   0x00005e9c       0x10 /home/prithvi/DevelopmentTools/gcc-arm-none-eabi-4_8-2013q4/arm-none-eabi/lib/armv6-m/libnosys.a(close.o)
                0x00005e9c                _close
 .text          0x00005eac        0x0 /home/prithvi/DevelopmentTools/gcc-arm-none-eabi-4_8-2013q4/arm-none-eabi/lib/armv6-m/libnosys.a(fstat.o)
 .text._fstat   0x00005eac       0x10 /home/prithvi/DevelopmentTools/gcc-arm-none-eabi-4_8-2013q4/arm-none-eabi/lib/armv6-m/libnosys.a(fstat.o)
                0x00005eac                _fstat
 .text          0x00005ebc        0x0 /home/prithvi/DevelopmentTools/gcc-arm-none-eabi-4_8-2013q4/arm-none-eabi/lib/armv6-m/libnosys.a(isatty.o)
 .text._isatty  0x00005ebc       0x10 /home/prithvi/DevelopmentTools/gcc-arm-none-eabi-4_8-2013q4/arm-none-eabi/lib/armv6-m/libnosys.a(isatty.o)
                0x00005ebc                _isatty
 .text          0x00005ecc        0x0 /home/prithvi/DevelopmentTools/gcc-arm-none-eabi-4_8-2013q4/arm-none-eabi/lib/armv6-m/libnosys.a(lseek.o)
 .text._lseek   0x00005ecc       0x10 /home/prithvi/DevelopmentTools/gcc-arm-none-eabi-4_8-2013q4/arm-none-eabi/lib/armv6-m/libnosys.a(lseek.o)
                0x00005ecc                _lseek
 .text          0x00005edc        0x0 /home/prithvi/DevelopmentTools/gcc-arm-none-eabi-4_8-2013q4/arm-none-eabi/lib/armv6-m/libnosys.a(read.o)
 .text._read    0x00005edc       0x10 /home/prithvi/DevelopmentTools/gcc-arm-none-eabi-4_8-2013q4/arm-none-eabi/lib/armv6-m/libnosys.a(read.o)
                0x00005edc                _read
 .text          0x00005eec        0x0 /home/prithvi/DevelopmentTools/gcc-arm-none-eabi-4_8-2013q4/arm-none-eabi/lib/armv6-m/libnosys.a(sbrk.o)
 .text._sbrk    0x00005eec       0x34 /home/prithvi/DevelopmentTools/gcc-arm-none-eabi-4_8-2013q4/arm-none-eabi/lib/armv6-m/libnosys.a(sbrk.o)
                0x00005eec                _sbrk
 .text          0x00005f20        0x0 /home/prithvi/DevelopmentTools/gcc-arm-none-eabi-4_8-2013q4/arm-none-eabi/lib/armv6-m/libnosys.a(_exit.o)
 .text._exit    0x00005f20        0x4 /home/prithvi/DevelopmentTools/gcc-arm-none-eabi-4_8-2013q4/arm-none-eabi/lib/armv6-m/libnosys.a(_exit.o)
                0x00005f20                _exit
 *(.init)
 .init          0x00005f24        0x4 /home/prithvi/DevelopmentTools/gcc-arm-none-eabi-4_8-2013q4/bin/../lib/gcc/arm-none-eabi/4.8.3/armv6-m/crti.o
                0x00005f24                _init
 .init          0x00005f28        0x8 /home/prithvi/DevelopmentTools/gcc-arm-none-eabi-4_8-2013q4/bin/../lib/gcc/arm-none-eabi/4.8.3/armv6-m/crtn.o
 *(.fini)
 .fini          0x00005f30        0x4 /home/prithvi/DevelopmentTools/gcc-arm-none-eabi-4_8-2013q4/bin/../lib/gcc/arm-none-eabi/4.8.3/armv6-m/crti.o
                0x00005f30                _fini
 .fini          0x00005f34        0x8 /home/prithvi/DevelopmentTools/gcc-arm-none-eabi-4_8-2013q4/bin/../lib/gcc/arm-none-eabi/4.8.3/armv6-m/crtn.o
 *crtbegin.o(.ctors)
 *crtbegin?.o(.ctors)
 *(EXCLUDE_FILE(*crtend.o *crtend?.o) .ctors)
 *(SORT(.ctors.*))
 *(.ctors)
 *crtbegin.o(.dtors)
 *crtbegin?.o(.dtors)
 *(EXCLUDE_FILE(*crtend.o *crtend?.o) .dtors)
 *(SORT(.dtors.*))
 *(.dtors)
 *(.rodata*)
 .rodata        0x00005f3c       0x78 obj/observer.o
 .rodata.str1.4
                0x00005fb4      0x256 obj/observer.o
                                0x264 (size before relaxing)
 *fill*         0x0000620a        0x2 
 .rodata.str1.4
                0x0000620c       0x5c obj/main.o
 .rodata.str1.4
                0x00006268        0xc obj/timer.o
 .rodata.str1.1
                0x00006274        0x2 /home/prithvi/DevelopmentTools/gcc-arm-none-eabi-4_8-2013q4/arm-none-eabi/lib/armv6-m/libc_s.a(lib_a-impure.o)
 *fill*         0x00006276        0x2 
 .rodata._global_impure_ptr
                0x00006278        0x4 /home/prithvi/DevelopmentTools/gcc-arm-none-eabi-4_8-2013q4/arm-none-eabi/lib/armv6-m/libc_s.a(lib_a-impure.o)
                0x00006278                _global_impure_ptr
 .rodata.str1.1
                0x0000627c       0x11 /home/prithvi/DevelopmentTools/gcc-arm-none-eabi-4_8-2013q4/arm-none-eabi/lib/armv6-m/libc_s.a(lib_a-vfprintf.o)
 .rodata.str1.1
                0x0000628d       0x12 /home/prithvi/DevelopmentTools/gcc-arm-none-eabi-4_8-2013q4/arm-none-eabi/lib/armv6-m/libc_s.a(lib_a-vfprintf_float.o)
 .rodata.str1.1
                0x0000629f       0x22 /home/prithvi/DevelopmentTools/gcc-arm-none-eabi-4_8-2013q4/arm-none-eabi/lib/armv6-m/libc_s.a(lib_a-vfprintf_i.o)
 .rodata.str1.1
                0x000062c1        0xd /home/prithvi/DevelopmentTools/gcc-arm-none-eabi-4_8-2013q4/arm-none-eabi/lib/armv6-m/libc_s.a(lib_a-dtoa.o)
                                  0xf (size before relaxing)
 *fill*         0x000062ce        0x2 
 .rodata.__sf_fake_stdin
                0x000062d0       0x20 /home/prithvi/DevelopmentTools/gcc-arm-none-eabi-4_8-2013q4/arm-none-eabi/lib/armv6-m/libc_s.a(lib_a-findfp.o)
                0x000062d0                __sf_fake_stdin
 .rodata.__sf_fake_stdout
                0x000062f0       0x20 /home/prithvi/DevelopmentTools/gcc-arm-none-eabi-4_8-2013q4/arm-none-eabi/lib/armv6-m/libc_s.a(lib_a-findfp.o)
                0x000062f0                __sf_fake_stdout
 .rodata.__sf_fake_stderr
                0x00006310       0x20 /home/prithvi/DevelopmentTools/gcc-arm-none-eabi-4_8-2013q4/arm-none-eabi/lib/armv6-m/libc_s.a(lib_a-findfp.o)
                0x00006310                __sf_fake_stderr
 .rodata.str1.1
                0x00006330        0x8 /home/prithvi/DevelopmentTools/gcc-arm-none-eabi-4_8-2013q4/arm-none-eabi/lib/armv6-m/libc_s.a(lib_a-locale.o)
                                  0xb (size before relaxing)
 .rodata.__mprec_tens
                0x00006338       0xc8 /home/prithvi/DevelopmentTools/gcc-arm-none-eabi-4_8-2013q4/arm-none-eabi/lib/armv6-m/libc_s.a(lib_a-mprec.o)
                0x00006338                __mprec_tens
 .rodata.p05.5300
                0x00006400        0xc /home/prithvi/DevelopmentTools/gcc-arm-none-eabi-4_8-2013q4/arm-none-eabi/lib/armv6-m/libc_s.a(lib_a-mprec.o)
 *fill*         0x0000640c        0x4 
 .rodata.__mprec_bigtens
                0x00006410       0x28 /home/prithvi/DevelopmentTools/gcc-arm-none-eabi-4_8-2013q4/arm-none-eabi/lib/armv6-m/libc_s.a(lib_a-mprec.o)
                0x00006410                __mprec_bigtens
 .rodata.__mprec_tinytens
                0x00006438       0x28 /home/prithvi/DevelopmentTools/gcc-arm-none-eabi-4_8-2013q4/arm-none-eabi/lib/armv6-m/libc_s.a(lib_a-mprec.o)
                0x00006438                __mprec_tinytens
 .rodata        0x00006460       0x40 /home/prithvi/DevelopmentTools/gcc-arm-none-eabi-4_8-2013q4/lib/gcc/arm-none-eabi/4.8.3/armv6-m/libgcc.a(divdf3.o)
 .rodata        0x000064a0       0x40 /home/prithvi/DevelopmentTools/gcc-arm-none-eabi-4_8-2013q4/lib/gcc/arm-none-eabi/4.8.3/armv6-m/libgcc.a(muldf3.o)
 *(.eh_frame*)
 .eh_frame      0x000064e0        0x0 /home/prithvi/DevelopmentTools/gcc-arm-none-eabi-4_8-2013q4/bin/../lib/gcc/arm-none-eabi/4.8.3/armv6-m/crtbegin.o
 .eh_frame      0x000064e0        0x4 /home/prithvi/DevelopmentTools/gcc-arm-none-eabi-4_8-2013q4/bin/../lib/gcc/arm-none-eabi/4.8.3/armv6-m/crtend.o

.glue_7         0x000064e4        0x0
 .glue_7        0x00000000        0x0 linker stubs

.glue_7t        0x000064e4        0x0
 .glue_7t       0x00000000        0x0 linker stubs

.vfp11_veneer   0x000064e4        0x0
 .vfp11_veneer  0x00000000        0x0 linker stubs

.v4_bx          0x000064e4        0x0
 .v4_bx         0x00000000        0x0 linker stubs

.iplt           0x000064e4        0x0
 .iplt          0x00000000        0x0 /home/prithvi/DevelopmentTools/gcc-arm-none-eabi-4_8-2013q4/bin/../lib/gcc/arm-none-eabi/4.8.3/armv6-m/crtbegin.o

.ARM.extab      0x000064e4        0x0
 *(.ARM.extab* .gnu.linkonce.armextab.*)
 .ARM.extab     0x000064e4        0x0 /home/prithvi/DevelopmentTools/gcc-arm-none-eabi-4_8-2013q4/bin/../lib/gcc/arm-none-eabi/4.8.3/../../../../arm-none-eabi/lib/armv6-m/crt0.o
 .ARM.extab     0x000064e4        0x0 obj/gcc_startup_nrf51.o
                0x000064e4                __exidx_start = .

.ARM.exidx      0x000064e4        0x8
 *(.ARM.exidx* .gnu.linkonce.armexidx.*)
 .ARM.exidx     0x000064e4        0x8 /home/prithvi/DevelopmentTools/gcc-arm-none-eabi-4_8-2013q4/bin/../lib/gcc/arm-none-eabi/4.8.3/../../../../arm-none-eabi/lib/armv6-m/crt0.o
 .ARM.exidx     0x000064ec        0x0 obj/gcc_startup_nrf51.o
                                  0x8 (size before relaxing)
                0x000064ec                __exidx_end = .
                0x000064ec                __etext = .

.rel.dyn        0x000064ec        0x0
 .rel.iplt      0x00000000        0x0 /home/prithvi/DevelopmentTools/gcc-arm-none-eabi-4_8-2013q4/bin/../lib/gcc/arm-none-eabi/4.8.3/armv6-m/crtbegin.o

.data           0x20000000       0xf4 load address 0x000064ec
                0x20000000                __data_start__ = .
 *(vtable)
 *(.data*)
 .data          0x20000000        0x0 /home/prithvi/DevelopmentTools/gcc-arm-none-eabi-4_8-2013q4/bin/../lib/gcc/arm-none-eabi/4.8.3/armv6-m/crti.o
 .data          0x20000000        0x4 /home/prithvi/DevelopmentTools/gcc-arm-none-eabi-4_8-2013q4/bin/../lib/gcc/arm-none-eabi/4.8.3/armv6-m/crtbegin.o
                0x20000000                __dso_handle
 .data          0x20000004        0x0 /home/prithvi/DevelopmentTools/gcc-arm-none-eabi-4_8-2013q4/bin/../lib/gcc/arm-none-eabi/4.8.3/../../../../arm-none-eabi/lib/armv6-m/crt0.o
 .data          0x20000004        0x0 obj/clock-nrf.o
 .data          0x20000004        0x0 obj/clock-init.o
 .data          0x20000004        0x4 obj/system_nrf51.o
                0x20000004                SystemCoreClock
 .data          0x20000008        0x0 obj/observer.o
 .data          0x20000008        0x0 obj/uart_nrf.o
 .data          0x20000008        0x0 obj/main.o
 .data          0x20000008        0x0 obj/timer.o
 .data          0x20000008        0x0 obj/gcc_startup_nrf51.o
 .data          0x20000008        0x0 /home/prithvi/DevelopmentTools/gcc-arm-none-eabi-4_8-2013q4/lib/gcc/arm-none-eabi/4.8.3/armv6-m/libgcc.a(_udivsi3.o)
 .data          0x20000008        0x0 /home/prithvi/DevelopmentTools/gcc-arm-none-eabi-4_8-2013q4/lib/gcc/arm-none-eabi/4.8.3/armv6-m/libgcc.a(_divsi3.o)
 .data          0x20000008        0x0 /home/prithvi/DevelopmentTools/gcc-arm-none-eabi-4_8-2013q4/lib/gcc/arm-none-eabi/4.8.3/armv6-m/libgcc.a(_dvmd_tls.o)
 .data          0x20000008        0x0 /home/prithvi/DevelopmentTools/gcc-arm-none-eabi-4_8-2013q4/arm-none-eabi/lib/armv6-m/libc_s.a(lib_a-exit.o)
 .data          0x20000008        0x0 /home/prithvi/DevelopmentTools/gcc-arm-none-eabi-4_8-2013q4/arm-none-eabi/lib/armv6-m/libc_s.a(lib_a-impure.o)
 .data.impure_data
                0x20000008       0x60 /home/prithvi/DevelopmentTools/gcc-arm-none-eabi-4_8-2013q4/arm-none-eabi/lib/armv6-m/libc_s.a(lib_a-impure.o)
 .data._impure_ptr
                0x20000068        0x4 /home/prithvi/DevelopmentTools/gcc-arm-none-eabi-4_8-2013q4/arm-none-eabi/lib/armv6-m/libc_s.a(lib_a-impure.o)
                0x20000068                _impure_ptr
 .data          0x2000006c        0x0 /home/prithvi/DevelopmentTools/gcc-arm-none-eabi-4_8-2013q4/arm-none-eabi/lib/armv6-m/libc_s.a(lib_a-init.o)
 .data          0x2000006c        0x0 /home/prithvi/DevelopmentTools/gcc-arm-none-eabi-4_8-2013q4/arm-none-eabi/lib/armv6-m/libc_s.a(lib_a-memcpy-stub.o)
 .data          0x2000006c        0x0 /home/prithvi/DevelopmentTools/gcc-arm-none-eabi-4_8-2013q4/arm-none-eabi/lib/armv6-m/libc_s.a(lib_a-memset.o)
 .data          0x2000006c        0x0 /home/prithvi/DevelopmentTools/gcc-arm-none-eabi-4_8-2013q4/arm-none-eabi/lib/armv6-m/libc_s.a(lib_a-printf.o)
 .data          0x2000006c        0x0 /home/prithvi/DevelopmentTools/gcc-arm-none-eabi-4_8-2013q4/arm-none-eabi/lib/armv6-m/libc_s.a(lib_a-putchar.o)
 .data          0x2000006c        0x0 /home/prithvi/DevelopmentTools/gcc-arm-none-eabi-4_8-2013q4/arm-none-eabi/lib/armv6-m/libc_s.a(lib_a-puts.o)
 .data          0x2000006c        0x0 /home/prithvi/DevelopmentTools/gcc-arm-none-eabi-4_8-2013q4/arm-none-eabi/lib/armv6-m/libc_s.a(lib_a-strcmp.o)
 .data          0x2000006c        0x0 /home/prithvi/DevelopmentTools/gcc-arm-none-eabi-4_8-2013q4/arm-none-eabi/lib/armv6-m/libc_s.a(lib_a-strncmp.o)
 .data          0x2000006c        0x0 /home/prithvi/DevelopmentTools/gcc-arm-none-eabi-4_8-2013q4/arm-none-eabi/lib/armv6-m/libc_s.a(lib_a-vfprintf.o)
 .data          0x2000006c        0x0 /home/prithvi/DevelopmentTools/gcc-arm-none-eabi-4_8-2013q4/arm-none-eabi/lib/armv6-m/libc_s.a(lib_a-vfprintf_float.o)
 .data          0x2000006c        0x0 /home/prithvi/DevelopmentTools/gcc-arm-none-eabi-4_8-2013q4/arm-none-eabi/lib/armv6-m/libc_s.a(lib_a-vfprintf_i.o)
 .data          0x2000006c        0x0 /home/prithvi/DevelopmentTools/gcc-arm-none-eabi-4_8-2013q4/arm-none-eabi/lib/armv6-m/libc_s.a(lib_a-wbuf.o)
 .data          0x2000006c        0x0 /home/prithvi/DevelopmentTools/gcc-arm-none-eabi-4_8-2013q4/arm-none-eabi/lib/armv6-m/libc_s.a(lib_a-wsetup.o)
 .data          0x2000006c        0x0 /home/prithvi/DevelopmentTools/gcc-arm-none-eabi-4_8-2013q4/arm-none-eabi/lib/armv6-m/libc_s.a(lib_a-dtoa.o)
 .data          0x2000006c        0x0 /home/prithvi/DevelopmentTools/gcc-arm-none-eabi-4_8-2013q4/arm-none-eabi/lib/armv6-m/libc_s.a(lib_a-fflush.o)
 .data          0x2000006c        0x0 /home/prithvi/DevelopmentTools/gcc-arm-none-eabi-4_8-2013q4/arm-none-eabi/lib/armv6-m/libc_s.a(lib_a-findfp.o)
 .data          0x2000006c        0x0 /home/prithvi/DevelopmentTools/gcc-arm-none-eabi-4_8-2013q4/arm-none-eabi/lib/armv6-m/libc_s.a(lib_a-fvwrite.o)
 .data          0x2000006c        0x0 /home/prithvi/DevelopmentTools/gcc-arm-none-eabi-4_8-2013q4/arm-none-eabi/lib/armv6-m/libc_s.a(lib_a-fwalk.o)
 .data          0x2000006c        0x0 /home/prithvi/DevelopmentTools/gcc-arm-none-eabi-4_8-2013q4/arm-none-eabi/lib/armv6-m/libc_s.a(lib_a-locale.o)
 .data.lc_message_charset
                0x2000006c       0x20 /home/prithvi/DevelopmentTools/gcc-arm-none-eabi-4_8-2013q4/arm-none-eabi/lib/armv6-m/libc_s.a(lib_a-locale.o)
 .data.lconv    0x2000008c       0x38 /home/prithvi/DevelopmentTools/gcc-arm-none-eabi-4_8-2013q4/arm-none-eabi/lib/armv6-m/libc_s.a(lib_a-locale.o)
 .data.lc_ctype_charset
                0x200000c4       0x20 /home/prithvi/DevelopmentTools/gcc-arm-none-eabi-4_8-2013q4/arm-none-eabi/lib/armv6-m/libc_s.a(lib_a-locale.o)
 .data.__mb_cur_max
                0x200000e4        0x4 /home/prithvi/DevelopmentTools/gcc-arm-none-eabi-4_8-2013q4/arm-none-eabi/lib/armv6-m/libc_s.a(lib_a-locale.o)
                0x200000e4                __mb_cur_max
 .data          0x200000e8        0x0 /home/prithvi/DevelopmentTools/gcc-arm-none-eabi-4_8-2013q4/arm-none-eabi/lib/armv6-m/libc_s.a(lib_a-makebuf.o)
 .data          0x200000e8        0x0 /home/prithvi/DevelopmentTools/gcc-arm-none-eabi-4_8-2013q4/arm-none-eabi/lib/armv6-m/libc_s.a(lib_a-malloc.o)
 .data          0x200000e8        0x0 /home/prithvi/DevelopmentTools/gcc-arm-none-eabi-4_8-2013q4/arm-none-eabi/lib/armv6-m/libc_s.a(lib_a-memchr-stub.o)
 .data          0x200000e8        0x0 /home/prithvi/DevelopmentTools/gcc-arm-none-eabi-4_8-2013q4/arm-none-eabi/lib/armv6-m/libc_s.a(lib_a-memmove.o)
 .data          0x200000e8        0x0 /home/prithvi/DevelopmentTools/gcc-arm-none-eabi-4_8-2013q4/arm-none-eabi/lib/armv6-m/libc_s.a(lib_a-mprec.o)
 .data          0x200000e8        0x0 /home/prithvi/DevelopmentTools/gcc-arm-none-eabi-4_8-2013q4/arm-none-eabi/lib/armv6-m/libc_s.a(lib_a-nano-callocr.o)
 .data          0x200000e8        0x0 /home/prithvi/DevelopmentTools/gcc-arm-none-eabi-4_8-2013q4/arm-none-eabi/lib/armv6-m/libc_s.a(lib_a-nano-freer.o)
 .data          0x200000e8        0x0 /home/prithvi/DevelopmentTools/gcc-arm-none-eabi-4_8-2013q4/arm-none-eabi/lib/armv6-m/libc_s.a(lib_a-nano-mallocr.o)
 .data          0x200000e8        0x0 /home/prithvi/DevelopmentTools/gcc-arm-none-eabi-4_8-2013q4/arm-none-eabi/lib/armv6-m/libc_s.a(lib_a-nano-reallocr.o)
 .data          0x200000e8        0x0 /home/prithvi/DevelopmentTools/gcc-arm-none-eabi-4_8-2013q4/arm-none-eabi/lib/armv6-m/libc_s.a(lib_a-putc.o)
 .data          0x200000e8        0x0 /home/prithvi/DevelopmentTools/gcc-arm-none-eabi-4_8-2013q4/arm-none-eabi/lib/armv6-m/libc_s.a(lib_a-s_fpclassify.o)
 .data          0x200000e8        0x0 /home/prithvi/DevelopmentTools/gcc-arm-none-eabi-4_8-2013q4/arm-none-eabi/lib/armv6-m/libc_s.a(lib_a-sbrkr.o)
 .data          0x200000e8        0x0 /home/prithvi/DevelopmentTools/gcc-arm-none-eabi-4_8-2013q4/arm-none-eabi/lib/armv6-m/libc_s.a(lib_a-stdio.o)
 .data          0x200000e8        0x0 /home/prithvi/DevelopmentTools/gcc-arm-none-eabi-4_8-2013q4/arm-none-eabi/lib/armv6-m/libc_s.a(lib_a-strlen.o)
 .data          0x200000e8        0x0 /home/prithvi/DevelopmentTools/gcc-arm-none-eabi-4_8-2013q4/arm-none-eabi/lib/armv6-m/libc_s.a(lib_a-writer.o)
 .data          0x200000e8        0x0 /home/prithvi/DevelopmentTools/gcc-arm-none-eabi-4_8-2013q4/arm-none-eabi/lib/armv6-m/libc_s.a(lib_a-closer.o)
 .data          0x200000e8        0x0 /home/prithvi/DevelopmentTools/gcc-arm-none-eabi-4_8-2013q4/arm-none-eabi/lib/armv6-m/libc_s.a(lib_a-fstatr.o)
 .data          0x200000e8        0x0 /home/prithvi/DevelopmentTools/gcc-arm-none-eabi-4_8-2013q4/arm-none-eabi/lib/armv6-m/libc_s.a(lib_a-isattyr.o)
 .data          0x200000e8        0x0 /home/prithvi/DevelopmentTools/gcc-arm-none-eabi-4_8-2013q4/arm-none-eabi/lib/armv6-m/libc_s.a(lib_a-lseekr.o)
 .data          0x200000e8        0x0 /home/prithvi/DevelopmentTools/gcc-arm-none-eabi-4_8-2013q4/arm-none-eabi/lib/armv6-m/libc_s.a(lib_a-nano-msizer.o)
 .data          0x200000e8        0x0 /home/prithvi/DevelopmentTools/gcc-arm-none-eabi-4_8-2013q4/arm-none-eabi/lib/armv6-m/libc_s.a(lib_a-readr.o)
 .data          0x200000e8        0x0 /home/prithvi/DevelopmentTools/gcc-arm-none-eabi-4_8-2013q4/arm-none-eabi/lib/armv6-m/libc_s.a(lib_a-reent.o)
 .data          0x200000e8        0x0 /home/prithvi/DevelopmentTools/gcc-arm-none-eabi-4_8-2013q4/lib/gcc/arm-none-eabi/4.8.3/armv6-m/libgcc.a(_thumb1_case_uqi.o)
 .data          0x200000e8        0x0 /home/prithvi/DevelopmentTools/gcc-arm-none-eabi-4_8-2013q4/lib/gcc/arm-none-eabi/4.8.3/armv6-m/libgcc.a(_arm_cmpdf2.o)
 .data          0x200000e8        0x0 /home/prithvi/DevelopmentTools/gcc-arm-none-eabi-4_8-2013q4/lib/gcc/arm-none-eabi/4.8.3/armv6-m/libgcc.a(adddf3.o)
 .data          0x200000e8        0x0 /home/prithvi/DevelopmentTools/gcc-arm-none-eabi-4_8-2013q4/lib/gcc/arm-none-eabi/4.8.3/armv6-m/libgcc.a(divdf3.o)
 .data          0x200000e8        0x0 /home/prithvi/DevelopmentTools/gcc-arm-none-eabi-4_8-2013q4/lib/gcc/arm-none-eabi/4.8.3/armv6-m/libgcc.a(eqdf2.o)
 .data          0x200000e8        0x0 /home/prithvi/DevelopmentTools/gcc-arm-none-eabi-4_8-2013q4/lib/gcc/arm-none-eabi/4.8.3/armv6-m/libgcc.a(gedf2.o)
 .data          0x200000e8        0x0 /home/prithvi/DevelopmentTools/gcc-arm-none-eabi-4_8-2013q4/lib/gcc/arm-none-eabi/4.8.3/armv6-m/libgcc.a(ledf2.o)
 .data          0x200000e8        0x0 /home/prithvi/DevelopmentTools/gcc-arm-none-eabi-4_8-2013q4/lib/gcc/arm-none-eabi/4.8.3/armv6-m/libgcc.a(muldf3.o)
 .data          0x200000e8        0x0 /home/prithvi/DevelopmentTools/gcc-arm-none-eabi-4_8-2013q4/lib/gcc/arm-none-eabi/4.8.3/armv6-m/libgcc.a(subdf3.o)
 .data          0x200000e8        0x0 /home/prithvi/DevelopmentTools/gcc-arm-none-eabi-4_8-2013q4/lib/gcc/arm-none-eabi/4.8.3/armv6-m/libgcc.a(fixdfsi.o)
 .data          0x200000e8        0x0 /home/prithvi/DevelopmentTools/gcc-arm-none-eabi-4_8-2013q4/lib/gcc/arm-none-eabi/4.8.3/armv6-m/libgcc.a(floatsidf.o)
 .data          0x200000e8        0x0 /home/prithvi/DevelopmentTools/gcc-arm-none-eabi-4_8-2013q4/lib/gcc/arm-none-eabi/4.8.3/armv6-m/libgcc.a(floatunsidf.o)
 .data          0x200000e8        0x0 /home/prithvi/DevelopmentTools/gcc-arm-none-eabi-4_8-2013q4/lib/gcc/arm-none-eabi/4.8.3/armv6-m/libgcc.a(_clzsi2.o)
 .data          0x200000e8        0x0 /home/prithvi/DevelopmentTools/gcc-arm-none-eabi-4_8-2013q4/bin/../lib/gcc/arm-none-eabi/4.8.3/armv6-m/crtend.o
 .data          0x200000e8        0x0 /home/prithvi/DevelopmentTools/gcc-arm-none-eabi-4_8-2013q4/bin/../lib/gcc/arm-none-eabi/4.8.3/armv6-m/crtn.o
 .data          0x200000e8        0x0 /home/prithvi/DevelopmentTools/gcc-arm-none-eabi-4_8-2013q4/arm-none-eabi/lib/armv6-m/libnosys.a(close.o)
 .data          0x200000e8        0x0 /home/prithvi/DevelopmentTools/gcc-arm-none-eabi-4_8-2013q4/arm-none-eabi/lib/armv6-m/libnosys.a(fstat.o)
 .data          0x200000e8        0x0 /home/prithvi/DevelopmentTools/gcc-arm-none-eabi-4_8-2013q4/arm-none-eabi/lib/armv6-m/libnosys.a(isatty.o)
 .data          0x200000e8        0x0 /home/prithvi/DevelopmentTools/gcc-arm-none-eabi-4_8-2013q4/arm-none-eabi/lib/armv6-m/libnosys.a(lseek.o)
 .data          0x200000e8        0x0 /home/prithvi/DevelopmentTools/gcc-arm-none-eabi-4_8-2013q4/arm-none-eabi/lib/armv6-m/libnosys.a(read.o)
 .data          0x200000e8        0x0 /home/prithvi/DevelopmentTools/gcc-arm-none-eabi-4_8-2013q4/arm-none-eabi/lib/armv6-m/libnosys.a(sbrk.o)
 .data          0x200000e8        0x0 /home/prithvi/DevelopmentTools/gcc-arm-none-eabi-4_8-2013q4/arm-none-eabi/lib/armv6-m/libnosys.a(_exit.o)
                0x200000e8                . = ALIGN (0x4)
                0x200000e8                PROVIDE (__preinit_array_start, .)
 *(.preinit_array)
                0x200000e8                PROVIDE (__preinit_array_end, .)
                0x200000e8                . = ALIGN (0x4)
                0x200000e8                PROVIDE (__init_array_start, .)
 *(SORT(.init_array.*))
 *(.init_array)
 .init_array    0x200000e8        0x4 /home/prithvi/DevelopmentTools/gcc-arm-none-eabi-4_8-2013q4/bin/../lib/gcc/arm-none-eabi/4.8.3/armv6-m/crtbegin.o
                0x200000ec                PROVIDE (__init_array_end, .)
                0x200000ec                . = ALIGN (0x4)
                0x200000ec                PROVIDE (__fini_array_start, .)
 *(SORT(.fini_array.*))
 *(.fini_array)
 .fini_array    0x200000ec        0x4 /home/prithvi/DevelopmentTools/gcc-arm-none-eabi-4_8-2013q4/bin/../lib/gcc/arm-none-eabi/4.8.3/armv6-m/crtbegin.o
                0x200000f0                PROVIDE (__fini_array_end, .)
 *(.jcr)
 .jcr           0x200000f0        0x0 /home/prithvi/DevelopmentTools/gcc-arm-none-eabi-4_8-2013q4/bin/../lib/gcc/arm-none-eabi/4.8.3/armv6-m/crtbegin.o
 .jcr           0x200000f0        0x4 /home/prithvi/DevelopmentTools/gcc-arm-none-eabi-4_8-2013q4/bin/../lib/gcc/arm-none-eabi/4.8.3/armv6-m/crtend.o
                0x200000f4                . = ALIGN (0x4)
                0x200000f4                __data_end__ = .

.igot.plt       0x200000f4        0x0 load address 0x000065e0
 .igot.plt      0x00000000        0x0 /home/prithvi/DevelopmentTools/gcc-arm-none-eabi-4_8-2013q4/bin/../lib/gcc/arm-none-eabi/4.8.3/armv6-m/crtbegin.o

.bss            0x200000f4      0x4d4 load address 0x000065e0
                0x200000f4                . = ALIGN (0x4)
                0x200000f4                __bss_start__ = .
 *(.bss*)
 .bss           0x200000f4        0x0 /home/prithvi/DevelopmentTools/gcc-arm-none-eabi-4_8-2013q4/bin/../lib/gcc/arm-none-eabi/4.8.3/armv6-m/crti.o
 .bss           0x200000f4       0x1c /home/prithvi/DevelopmentTools/gcc-arm-none-eabi-4_8-2013q4/bin/../lib/gcc/arm-none-eabi/4.8.3/armv6-m/crtbegin.o
 .bss           0x20000110        0x0 /home/prithvi/DevelopmentTools/gcc-arm-none-eabi-4_8-2013q4/bin/../lib/gcc/arm-none-eabi/4.8.3/../../../../arm-none-eabi/lib/armv6-m/crt0.o
 .bss           0x20000110        0x4 obj/clock-nrf.o
 .bss           0x20000114        0x0 obj/clock-init.o
 .bss           0x20000114        0x0 obj/system_nrf51.o
 .bss           0x20000114      0x3f0 obj/observer.o
 .bss           0x20000504        0x4 obj/uart_nrf.o
 .bss           0x20000508        0x0 obj/main.o
 .bss           0x20000508        0x0 obj/timer.o
 .bss           0x20000508        0x0 obj/gcc_startup_nrf51.o
 .bss           0x20000508        0x0 /home/prithvi/DevelopmentTools/gcc-arm-none-eabi-4_8-2013q4/lib/gcc/arm-none-eabi/4.8.3/armv6-m/libgcc.a(_udivsi3.o)
 .bss           0x20000508        0x0 /home/prithvi/DevelopmentTools/gcc-arm-none-eabi-4_8-2013q4/lib/gcc/arm-none-eabi/4.8.3/armv6-m/libgcc.a(_divsi3.o)
 .bss           0x20000508        0x0 /home/prithvi/DevelopmentTools/gcc-arm-none-eabi-4_8-2013q4/lib/gcc/arm-none-eabi/4.8.3/armv6-m/libgcc.a(_dvmd_tls.o)
 .bss           0x20000508        0x0 /home/prithvi/DevelopmentTools/gcc-arm-none-eabi-4_8-2013q4/arm-none-eabi/lib/armv6-m/libc_s.a(lib_a-exit.o)
 .bss           0x20000508        0x0 /home/prithvi/DevelopmentTools/gcc-arm-none-eabi-4_8-2013q4/arm-none-eabi/lib/armv6-m/libc_s.a(lib_a-impure.o)
 .bss           0x20000508        0x0 /home/prithvi/DevelopmentTools/gcc-arm-none-eabi-4_8-2013q4/arm-none-eabi/lib/armv6-m/libc_s.a(lib_a-init.o)
 .bss           0x20000508        0x0 /home/prithvi/DevelopmentTools/gcc-arm-none-eabi-4_8-2013q4/arm-none-eabi/lib/armv6-m/libc_s.a(lib_a-memcpy-stub.o)
 .bss           0x20000508        0x0 /home/prithvi/DevelopmentTools/gcc-arm-none-eabi-4_8-2013q4/arm-none-eabi/lib/armv6-m/libc_s.a(lib_a-memset.o)
 .bss           0x20000508        0x0 /home/prithvi/DevelopmentTools/gcc-arm-none-eabi-4_8-2013q4/arm-none-eabi/lib/armv6-m/libc_s.a(lib_a-printf.o)
 .bss           0x20000508        0x0 /home/prithvi/DevelopmentTools/gcc-arm-none-eabi-4_8-2013q4/arm-none-eabi/lib/armv6-m/libc_s.a(lib_a-putchar.o)
 .bss           0x20000508        0x0 /home/prithvi/DevelopmentTools/gcc-arm-none-eabi-4_8-2013q4/arm-none-eabi/lib/armv6-m/libc_s.a(lib_a-puts.o)
 .bss           0x20000508        0x0 /home/prithvi/DevelopmentTools/gcc-arm-none-eabi-4_8-2013q4/arm-none-eabi/lib/armv6-m/libc_s.a(lib_a-strcmp.o)
 .bss           0x20000508        0x0 /home/prithvi/DevelopmentTools/gcc-arm-none-eabi-4_8-2013q4/arm-none-eabi/lib/armv6-m/libc_s.a(lib_a-strncmp.o)
 .bss           0x20000508        0x0 /home/prithvi/DevelopmentTools/gcc-arm-none-eabi-4_8-2013q4/arm-none-eabi/lib/armv6-m/libc_s.a(lib_a-vfprintf.o)
 .bss           0x20000508        0x0 /home/prithvi/DevelopmentTools/gcc-arm-none-eabi-4_8-2013q4/arm-none-eabi/lib/armv6-m/libc_s.a(lib_a-vfprintf_float.o)
 .bss           0x20000508        0x0 /home/prithvi/DevelopmentTools/gcc-arm-none-eabi-4_8-2013q4/arm-none-eabi/lib/armv6-m/libc_s.a(lib_a-vfprintf_i.o)
 .bss           0x20000508        0x0 /home/prithvi/DevelopmentTools/gcc-arm-none-eabi-4_8-2013q4/arm-none-eabi/lib/armv6-m/libc_s.a(lib_a-wbuf.o)
 .bss           0x20000508        0x0 /home/prithvi/DevelopmentTools/gcc-arm-none-eabi-4_8-2013q4/arm-none-eabi/lib/armv6-m/libc_s.a(lib_a-wsetup.o)
 .bss           0x20000508        0x0 /home/prithvi/DevelopmentTools/gcc-arm-none-eabi-4_8-2013q4/arm-none-eabi/lib/armv6-m/libc_s.a(lib_a-dtoa.o)
 .bss           0x20000508        0x0 /home/prithvi/DevelopmentTools/gcc-arm-none-eabi-4_8-2013q4/arm-none-eabi/lib/armv6-m/libc_s.a(lib_a-fflush.o)
 .bss           0x20000508        0x0 /home/prithvi/DevelopmentTools/gcc-arm-none-eabi-4_8-2013q4/arm-none-eabi/lib/armv6-m/libc_s.a(lib_a-findfp.o)
 .bss           0x20000508        0x0 /home/prithvi/DevelopmentTools/gcc-arm-none-eabi-4_8-2013q4/arm-none-eabi/lib/armv6-m/libc_s.a(lib_a-fvwrite.o)
 .bss           0x20000508        0x0 /home/prithvi/DevelopmentTools/gcc-arm-none-eabi-4_8-2013q4/arm-none-eabi/lib/armv6-m/libc_s.a(lib_a-fwalk.o)
 .bss           0x20000508        0x0 /home/prithvi/DevelopmentTools/gcc-arm-none-eabi-4_8-2013q4/arm-none-eabi/lib/armv6-m/libc_s.a(lib_a-locale.o)
 .bss._PathLocale
                0x20000508        0x4 /home/prithvi/DevelopmentTools/gcc-arm-none-eabi-4_8-2013q4/arm-none-eabi/lib/armv6-m/libc_s.a(lib_a-locale.o)
                0x20000508                _PathLocale
 .bss.__nlocale_changed
                0x2000050c        0x4 /home/prithvi/DevelopmentTools/gcc-arm-none-eabi-4_8-2013q4/arm-none-eabi/lib/armv6-m/libc_s.a(lib_a-locale.o)
                0x2000050c                __nlocale_changed
 .bss.__mlocale_changed
                0x20000510        0x4 /home/prithvi/DevelopmentTools/gcc-arm-none-eabi-4_8-2013q4/arm-none-eabi/lib/armv6-m/libc_s.a(lib_a-locale.o)
                0x20000510                __mlocale_changed
 .bss           0x20000514        0x0 /home/prithvi/DevelopmentTools/gcc-arm-none-eabi-4_8-2013q4/arm-none-eabi/lib/armv6-m/libc_s.a(lib_a-makebuf.o)
 .bss           0x20000514        0x0 /home/prithvi/DevelopmentTools/gcc-arm-none-eabi-4_8-2013q4/arm-none-eabi/lib/armv6-m/libc_s.a(lib_a-malloc.o)
 .bss           0x20000514        0x0 /home/prithvi/DevelopmentTools/gcc-arm-none-eabi-4_8-2013q4/arm-none-eabi/lib/armv6-m/libc_s.a(lib_a-memchr-stub.o)
 .bss           0x20000514        0x0 /home/prithvi/DevelopmentTools/gcc-arm-none-eabi-4_8-2013q4/arm-none-eabi/lib/armv6-m/libc_s.a(lib_a-memmove.o)
 .bss           0x20000514        0x0 /home/prithvi/DevelopmentTools/gcc-arm-none-eabi-4_8-2013q4/arm-none-eabi/lib/armv6-m/libc_s.a(lib_a-mprec.o)
 .bss           0x20000514        0x0 /home/prithvi/DevelopmentTools/gcc-arm-none-eabi-4_8-2013q4/arm-none-eabi/lib/armv6-m/libc_s.a(lib_a-nano-callocr.o)
 .bss           0x20000514        0x0 /home/prithvi/DevelopmentTools/gcc-arm-none-eabi-4_8-2013q4/arm-none-eabi/lib/armv6-m/libc_s.a(lib_a-nano-freer.o)
 .bss           0x20000514        0x0 /home/prithvi/DevelopmentTools/gcc-arm-none-eabi-4_8-2013q4/arm-none-eabi/lib/armv6-m/libc_s.a(lib_a-nano-mallocr.o)
 .bss.__malloc_sbrk_start
                0x20000514        0x4 /home/prithvi/DevelopmentTools/gcc-arm-none-eabi-4_8-2013q4/arm-none-eabi/lib/armv6-m/libc_s.a(lib_a-nano-mallocr.o)
                0x20000514                __malloc_sbrk_start
 .bss.__malloc_free_list
                0x20000518        0x4 /home/prithvi/DevelopmentTools/gcc-arm-none-eabi-4_8-2013q4/arm-none-eabi/lib/armv6-m/libc_s.a(lib_a-nano-mallocr.o)
                0x20000518                __malloc_free_list
 .bss           0x2000051c        0x0 /home/prithvi/DevelopmentTools/gcc-arm-none-eabi-4_8-2013q4/arm-none-eabi/lib/armv6-m/libc_s.a(lib_a-nano-reallocr.o)
 .bss           0x2000051c        0x0 /home/prithvi/DevelopmentTools/gcc-arm-none-eabi-4_8-2013q4/arm-none-eabi/lib/armv6-m/libc_s.a(lib_a-putc.o)
 .bss           0x2000051c        0x0 /home/prithvi/DevelopmentTools/gcc-arm-none-eabi-4_8-2013q4/arm-none-eabi/lib/armv6-m/libc_s.a(lib_a-s_fpclassify.o)
 .bss           0x2000051c        0x0 /home/prithvi/DevelopmentTools/gcc-arm-none-eabi-4_8-2013q4/arm-none-eabi/lib/armv6-m/libc_s.a(lib_a-sbrkr.o)
 .bss           0x2000051c        0x0 /home/prithvi/DevelopmentTools/gcc-arm-none-eabi-4_8-2013q4/arm-none-eabi/lib/armv6-m/libc_s.a(lib_a-stdio.o)
 .bss           0x2000051c        0x0 /home/prithvi/DevelopmentTools/gcc-arm-none-eabi-4_8-2013q4/arm-none-eabi/lib/armv6-m/libc_s.a(lib_a-strlen.o)
 .bss           0x2000051c        0x0 /home/prithvi/DevelopmentTools/gcc-arm-none-eabi-4_8-2013q4/arm-none-eabi/lib/armv6-m/libc_s.a(lib_a-writer.o)
 .bss           0x2000051c        0x0 /home/prithvi/DevelopmentTools/gcc-arm-none-eabi-4_8-2013q4/arm-none-eabi/lib/armv6-m/libc_s.a(lib_a-closer.o)
 .bss           0x2000051c        0x0 /home/prithvi/DevelopmentTools/gcc-arm-none-eabi-4_8-2013q4/arm-none-eabi/lib/armv6-m/libc_s.a(lib_a-fstatr.o)
 .bss           0x2000051c        0x0 /home/prithvi/DevelopmentTools/gcc-arm-none-eabi-4_8-2013q4/arm-none-eabi/lib/armv6-m/libc_s.a(lib_a-isattyr.o)
 .bss           0x2000051c        0x0 /home/prithvi/DevelopmentTools/gcc-arm-none-eabi-4_8-2013q4/arm-none-eabi/lib/armv6-m/libc_s.a(lib_a-lseekr.o)
 .bss           0x2000051c        0x0 /home/prithvi/DevelopmentTools/gcc-arm-none-eabi-4_8-2013q4/arm-none-eabi/lib/armv6-m/libc_s.a(lib_a-nano-msizer.o)
 .bss           0x2000051c        0x0 /home/prithvi/DevelopmentTools/gcc-arm-none-eabi-4_8-2013q4/arm-none-eabi/lib/armv6-m/libc_s.a(lib_a-readr.o)
 .bss           0x2000051c        0x0 /home/prithvi/DevelopmentTools/gcc-arm-none-eabi-4_8-2013q4/arm-none-eabi/lib/armv6-m/libc_s.a(lib_a-reent.o)
 .bss           0x2000051c        0x0 /home/prithvi/DevelopmentTools/gcc-arm-none-eabi-4_8-2013q4/lib/gcc/arm-none-eabi/4.8.3/armv6-m/libgcc.a(_thumb1_case_uqi.o)
 .bss           0x2000051c        0x0 /home/prithvi/DevelopmentTools/gcc-arm-none-eabi-4_8-2013q4/lib/gcc/arm-none-eabi/4.8.3/armv6-m/libgcc.a(_arm_cmpdf2.o)
 .bss           0x2000051c        0x0 /home/prithvi/DevelopmentTools/gcc-arm-none-eabi-4_8-2013q4/lib/gcc/arm-none-eabi/4.8.3/armv6-m/libgcc.a(adddf3.o)
 .bss           0x2000051c        0x0 /home/prithvi/DevelopmentTools/gcc-arm-none-eabi-4_8-2013q4/lib/gcc/arm-none-eabi/4.8.3/armv6-m/libgcc.a(divdf3.o)
 .bss           0x2000051c        0x0 /home/prithvi/DevelopmentTools/gcc-arm-none-eabi-4_8-2013q4/lib/gcc/arm-none-eabi/4.8.3/armv6-m/libgcc.a(eqdf2.o)
 .bss           0x2000051c        0x0 /home/prithvi/DevelopmentTools/gcc-arm-none-eabi-4_8-2013q4/lib/gcc/arm-none-eabi/4.8.3/armv6-m/libgcc.a(gedf2.o)
 .bss           0x2000051c        0x0 /home/prithvi/DevelopmentTools/gcc-arm-none-eabi-4_8-2013q4/lib/gcc/arm-none-eabi/4.8.3/armv6-m/libgcc.a(ledf2.o)
 .bss           0x2000051c        0x0 /home/prithvi/DevelopmentTools/gcc-arm-none-eabi-4_8-2013q4/lib/gcc/arm-none-eabi/4.8.3/armv6-m/libgcc.a(muldf3.o)
 .bss           0x2000051c        0x0 /home/prithvi/DevelopmentTools/gcc-arm-none-eabi-4_8-2013q4/lib/gcc/arm-none-eabi/4.8.3/armv6-m/libgcc.a(subdf3.o)
 .bss           0x2000051c        0x0 /home/prithvi/DevelopmentTools/gcc-arm-none-eabi-4_8-2013q4/lib/gcc/arm-none-eabi/4.8.3/armv6-m/libgcc.a(fixdfsi.o)
 .bss           0x2000051c        0x0 /home/prithvi/DevelopmentTools/gcc-arm-none-eabi-4_8-2013q4/lib/gcc/arm-none-eabi/4.8.3/armv6-m/libgcc.a(floatsidf.o)
 .bss           0x2000051c        0x0 /home/prithvi/DevelopmentTools/gcc-arm-none-eabi-4_8-2013q4/lib/gcc/arm-none-eabi/4.8.3/armv6-m/libgcc.a(floatunsidf.o)
 .bss           0x2000051c        0x0 /home/prithvi/DevelopmentTools/gcc-arm-none-eabi-4_8-2013q4/lib/gcc/arm-none-eabi/4.8.3/armv6-m/libgcc.a(_clzsi2.o)
 .bss           0x2000051c        0x0 /home/prithvi/DevelopmentTools/gcc-arm-none-eabi-4_8-2013q4/bin/../lib/gcc/arm-none-eabi/4.8.3/armv6-m/crtend.o
 .bss           0x2000051c        0x0 /home/prithvi/DevelopmentTools/gcc-arm-none-eabi-4_8-2013q4/bin/../lib/gcc/arm-none-eabi/4.8.3/armv6-m/crtn.o
 .bss           0x2000051c        0x0 /home/prithvi/DevelopmentTools/gcc-arm-none-eabi-4_8-2013q4/arm-none-eabi/lib/armv6-m/libnosys.a(close.o)
 .bss           0x2000051c        0x0 /home/prithvi/DevelopmentTools/gcc-arm-none-eabi-4_8-2013q4/arm-none-eabi/lib/armv6-m/libnosys.a(fstat.o)
 .bss           0x2000051c        0x0 /home/prithvi/DevelopmentTools/gcc-arm-none-eabi-4_8-2013q4/arm-none-eabi/lib/armv6-m/libnosys.a(isatty.o)
 .bss           0x2000051c        0x0 /home/prithvi/DevelopmentTools/gcc-arm-none-eabi-4_8-2013q4/arm-none-eabi/lib/armv6-m/libnosys.a(lseek.o)
 .bss           0x2000051c        0x0 /home/prithvi/DevelopmentTools/gcc-arm-none-eabi-4_8-2013q4/arm-none-eabi/lib/armv6-m/libnosys.a(read.o)
 .bss           0x2000051c        0x0 /home/prithvi/DevelopmentTools/gcc-arm-none-eabi-4_8-2013q4/arm-none-eabi/lib/armv6-m/libnosys.a(sbrk.o)
 .bss.heap_end.4237
                0x2000051c        0x4 /home/prithvi/DevelopmentTools/gcc-arm-none-eabi-4_8-2013q4/arm-none-eabi/lib/armv6-m/libnosys.a(sbrk.o)
 .bss           0x20000520        0x0 /home/prithvi/DevelopmentTools/gcc-arm-none-eabi-4_8-2013q4/arm-none-eabi/lib/armv6-m/libnosys.a(_exit.o)
 *(COMMON)
 COMMON         0x20000520       0x20 obj/clock-nrf.o
                0x20000520                ms_timer_t
 COMMON         0x20000540       0x84 obj/uart_nrf.o
                0x20000540                rx_handler
                0x20000544                rx_buffer
 COMMON         0x200005c4        0x4 /home/prithvi/DevelopmentTools/gcc-arm-none-eabi-4_8-2013q4/arm-none-eabi/lib/armv6-m/libc_s.a(lib_a-reent.o)
                0x200005c4                errno
                0x200005c8                . = ALIGN (0x4)
                0x200005c8                __bss_end__ = .

.heap           0x200005c8      0x800
                0x200005c8                __end__ = .
                0x200005c8                end = __end__
 *(.heap*)
 .heap          0x200005c8      0x800 obj/gcc_startup_nrf51.o
                0x200005c8                __HeapBase
                0x20000dc8                __HeapLimit = .

.stack_dummy    0x200005c8      0x800
 *(.stack*)
 .stack         0x200005c8      0x800 obj/gcc_startup_nrf51.o
                0x20004000                __StackTop = (ORIGIN (RAM) + 0x4000)
                0x20003800                __StackLimit = (__StackTop - SIZEOF (.stack_dummy))
                0x20004000                PROVIDE (__stack, __StackTop)
                0x00000001                ASSERT ((__StackLimit >= __HeapLimit), region RAM overflowed with stack)
OUTPUT(build/main.elf elf32-littlearm)

.ARM.attributes
                0x00000000       0x28
 .ARM.attributes
                0x00000000       0x1e /home/prithvi/DevelopmentTools/gcc-arm-none-eabi-4_8-2013q4/bin/../lib/gcc/arm-none-eabi/4.8.3/armv6-m/crti.o
 .ARM.attributes
                0x0000001e       0x2c /home/prithvi/DevelopmentTools/gcc-arm-none-eabi-4_8-2013q4/bin/../lib/gcc/arm-none-eabi/4.8.3/armv6-m/crtbegin.o
 .ARM.attributes
                0x0000004a       0x1b /home/prithvi/DevelopmentTools/gcc-arm-none-eabi-4_8-2013q4/bin/../lib/gcc/arm-none-eabi/4.8.3/../../../../arm-none-eabi/lib/armv6-m/crt0.o
 .ARM.attributes
                0x00000065       0x31 obj/clock-nrf.o
 .ARM.attributes
                0x00000096       0x31 obj/clock-init.o
 .ARM.attributes
                0x000000c7       0x31 obj/system_nrf51.o
 .ARM.attributes
                0x000000f8       0x31 obj/observer.o
 .ARM.attributes
                0x00000129       0x31 obj/uart_nrf.o
 .ARM.attributes
                0x0000015a       0x31 obj/main.o
 .ARM.attributes
                0x0000018b       0x31 obj/timer.o
 .ARM.attributes
                0x000001bc       0x1b obj/gcc_startup_nrf51.o
 .ARM.attributes
                0x000001d7       0x1e /home/prithvi/DevelopmentTools/gcc-arm-none-eabi-4_8-2013q4/lib/gcc/arm-none-eabi/4.8.3/armv6-m/libgcc.a(_udivsi3.o)
 .ARM.attributes
                0x000001f5       0x1e /home/prithvi/DevelopmentTools/gcc-arm-none-eabi-4_8-2013q4/lib/gcc/arm-none-eabi/4.8.3/armv6-m/libgcc.a(_divsi3.o)
 .ARM.attributes
                0x00000213       0x1e /home/prithvi/DevelopmentTools/gcc-arm-none-eabi-4_8-2013q4/lib/gcc/arm-none-eabi/4.8.3/armv6-m/libgcc.a(_dvmd_tls.o)
 .ARM.attributes
                0x00000231       0x2c /home/prithvi/DevelopmentTools/gcc-arm-none-eabi-4_8-2013q4/arm-none-eabi/lib/armv6-m/libc_s.a(lib_a-exit.o)
 .ARM.attributes
                0x0000025d       0x2c /home/prithvi/DevelopmentTools/gcc-arm-none-eabi-4_8-2013q4/arm-none-eabi/lib/armv6-m/libc_s.a(lib_a-impure.o)
 .ARM.attributes
                0x00000289       0x2c /home/prithvi/DevelopmentTools/gcc-arm-none-eabi-4_8-2013q4/arm-none-eabi/lib/armv6-m/libc_s.a(lib_a-init.o)
 .ARM.attributes
                0x000002b5       0x2c /home/prithvi/DevelopmentTools/gcc-arm-none-eabi-4_8-2013q4/arm-none-eabi/lib/armv6-m/libc_s.a(lib_a-memcpy-stub.o)
 .ARM.attributes
                0x000002e1       0x2c /home/prithvi/DevelopmentTools/gcc-arm-none-eabi-4_8-2013q4/arm-none-eabi/lib/armv6-m/libc_s.a(lib_a-memset.o)
 .ARM.attributes
                0x0000030d       0x2c /home/prithvi/DevelopmentTools/gcc-arm-none-eabi-4_8-2013q4/arm-none-eabi/lib/armv6-m/libc_s.a(lib_a-printf.o)
 .ARM.attributes
                0x00000339       0x2c /home/prithvi/DevelopmentTools/gcc-arm-none-eabi-4_8-2013q4/arm-none-eabi/lib/armv6-m/libc_s.a(lib_a-putchar.o)
 .ARM.attributes
                0x00000365       0x2c /home/prithvi/DevelopmentTools/gcc-arm-none-eabi-4_8-2013q4/arm-none-eabi/lib/armv6-m/libc_s.a(lib_a-puts.o)
 .ARM.attributes
                0x00000391       0x1c /home/prithvi/DevelopmentTools/gcc-arm-none-eabi-4_8-2013q4/arm-none-eabi/lib/armv6-m/libc_s.a(lib_a-strcmp.o)
 .ARM.attributes
                0x000003ad       0x2c /home/prithvi/DevelopmentTools/gcc-arm-none-eabi-4_8-2013q4/arm-none-eabi/lib/armv6-m/libc_s.a(lib_a-strncmp.o)
 .ARM.attributes
                0x000003d9       0x2c /home/prithvi/DevelopmentTools/gcc-arm-none-eabi-4_8-2013q4/arm-none-eabi/lib/armv6-m/libc_s.a(lib_a-vfprintf.o)
 .ARM.attributes
                0x00000405       0x2c /home/prithvi/DevelopmentTools/gcc-arm-none-eabi-4_8-2013q4/arm-none-eabi/lib/armv6-m/libc_s.a(lib_a-vfprintf_float.o)
 .ARM.attributes
                0x00000431       0x2c /home/prithvi/DevelopmentTools/gcc-arm-none-eabi-4_8-2013q4/arm-none-eabi/lib/armv6-m/libc_s.a(lib_a-vfprintf_i.o)
 .ARM.attributes
                0x0000045d       0x2c /home/prithvi/DevelopmentTools/gcc-arm-none-eabi-4_8-2013q4/arm-none-eabi/lib/armv6-m/libc_s.a(lib_a-wbuf.o)
 .ARM.attributes
                0x00000489       0x2c /home/prithvi/DevelopmentTools/gcc-arm-none-eabi-4_8-2013q4/arm-none-eabi/lib/armv6-m/libc_s.a(lib_a-wsetup.o)
 .ARM.attributes
                0x000004b5       0x2c /home/prithvi/DevelopmentTools/gcc-arm-none-eabi-4_8-2013q4/arm-none-eabi/lib/armv6-m/libc_s.a(lib_a-dtoa.o)
 .ARM.attributes
                0x000004e1       0x2c /home/prithvi/DevelopmentTools/gcc-arm-none-eabi-4_8-2013q4/arm-none-eabi/lib/armv6-m/libc_s.a(lib_a-fflush.o)
 .ARM.attributes
                0x0000050d       0x2c /home/prithvi/DevelopmentTools/gcc-arm-none-eabi-4_8-2013q4/arm-none-eabi/lib/armv6-m/libc_s.a(lib_a-findfp.o)
 .ARM.attributes
                0x00000539       0x2c /home/prithvi/DevelopmentTools/gcc-arm-none-eabi-4_8-2013q4/arm-none-eabi/lib/armv6-m/libc_s.a(lib_a-fvwrite.o)
 .ARM.attributes
                0x00000565       0x2c /home/prithvi/DevelopmentTools/gcc-arm-none-eabi-4_8-2013q4/arm-none-eabi/lib/armv6-m/libc_s.a(lib_a-fwalk.o)
 .ARM.attributes
                0x00000591       0x2c /home/prithvi/DevelopmentTools/gcc-arm-none-eabi-4_8-2013q4/arm-none-eabi/lib/armv6-m/libc_s.a(lib_a-locale.o)
 .ARM.attributes
                0x000005bd       0x2c /home/prithvi/DevelopmentTools/gcc-arm-none-eabi-4_8-2013q4/arm-none-eabi/lib/armv6-m/libc_s.a(lib_a-makebuf.o)
 .ARM.attributes
                0x000005e9       0x2c /home/prithvi/DevelopmentTools/gcc-arm-none-eabi-4_8-2013q4/arm-none-eabi/lib/armv6-m/libc_s.a(lib_a-malloc.o)
 .ARM.attributes
                0x00000615       0x2c /home/prithvi/DevelopmentTools/gcc-arm-none-eabi-4_8-2013q4/arm-none-eabi/lib/armv6-m/libc_s.a(lib_a-memchr-stub.o)
 .ARM.attributes
                0x00000641       0x2c /home/prithvi/DevelopmentTools/gcc-arm-none-eabi-4_8-2013q4/arm-none-eabi/lib/armv6-m/libc_s.a(lib_a-memmove.o)
 .ARM.attributes
                0x0000066d       0x2c /home/prithvi/DevelopmentTools/gcc-arm-none-eabi-4_8-2013q4/arm-none-eabi/lib/armv6-m/libc_s.a(lib_a-mprec.o)
 .ARM.attributes
                0x00000699       0x2c /home/prithvi/DevelopmentTools/gcc-arm-none-eabi-4_8-2013q4/arm-none-eabi/lib/armv6-m/libc_s.a(lib_a-nano-callocr.o)
 .ARM.attributes
                0x000006c5       0x2c /home/prithvi/DevelopmentTools/gcc-arm-none-eabi-4_8-2013q4/arm-none-eabi/lib/armv6-m/libc_s.a(lib_a-nano-freer.o)
 .ARM.attributes
                0x000006f1       0x2c /home/prithvi/DevelopmentTools/gcc-arm-none-eabi-4_8-2013q4/arm-none-eabi/lib/armv6-m/libc_s.a(lib_a-nano-mallocr.o)
 .ARM.attributes
                0x0000071d       0x2c /home/prithvi/DevelopmentTools/gcc-arm-none-eabi-4_8-2013q4/arm-none-eabi/lib/armv6-m/libc_s.a(lib_a-nano-reallocr.o)
 .ARM.attributes
                0x00000749       0x2c /home/prithvi/DevelopmentTools/gcc-arm-none-eabi-4_8-2013q4/arm-none-eabi/lib/armv6-m/libc_s.a(lib_a-putc.o)
 .ARM.attributes
                0x00000775       0x2c /home/prithvi/DevelopmentTools/gcc-arm-none-eabi-4_8-2013q4/arm-none-eabi/lib/armv6-m/libc_s.a(lib_a-s_fpclassify.o)
 .ARM.attributes
                0x000007a1       0x2c /home/prithvi/DevelopmentTools/gcc-arm-none-eabi-4_8-2013q4/arm-none-eabi/lib/armv6-m/libc_s.a(lib_a-sbrkr.o)
 .ARM.attributes
                0x000007cd       0x2c /home/prithvi/DevelopmentTools/gcc-arm-none-eabi-4_8-2013q4/arm-none-eabi/lib/armv6-m/libc_s.a(lib_a-stdio.o)
 .ARM.attributes
                0x000007f9       0x2c /home/prithvi/DevelopmentTools/gcc-arm-none-eabi-4_8-2013q4/arm-none-eabi/lib/armv6-m/libc_s.a(lib_a-strlen.o)
 .ARM.attributes
                0x00000825       0x2c /home/prithvi/DevelopmentTools/gcc-arm-none-eabi-4_8-2013q4/arm-none-eabi/lib/armv6-m/libc_s.a(lib_a-writer.o)
 .ARM.attributes
                0x00000851       0x2c /home/prithvi/DevelopmentTools/gcc-arm-none-eabi-4_8-2013q4/arm-none-eabi/lib/armv6-m/libc_s.a(lib_a-closer.o)
 .ARM.attributes
                0x0000087d       0x2c /home/prithvi/DevelopmentTools/gcc-arm-none-eabi-4_8-2013q4/arm-none-eabi/lib/armv6-m/libc_s.a(lib_a-fstatr.o)
 .ARM.attributes
                0x000008a9       0x2c /home/prithvi/DevelopmentTools/gcc-arm-none-eabi-4_8-2013q4/arm-none-eabi/lib/armv6-m/libc_s.a(lib_a-isattyr.o)
 .ARM.attributes
                0x000008d5       0x2c /home/prithvi/DevelopmentTools/gcc-arm-none-eabi-4_8-2013q4/arm-none-eabi/lib/armv6-m/libc_s.a(lib_a-lseekr.o)
 .ARM.attributes
                0x00000901       0x2c /home/prithvi/DevelopmentTools/gcc-arm-none-eabi-4_8-2013q4/arm-none-eabi/lib/armv6-m/libc_s.a(lib_a-nano-msizer.o)
 .ARM.attributes
                0x0000092d       0x2c /home/prithvi/DevelopmentTools/gcc-arm-none-eabi-4_8-2013q4/arm-none-eabi/lib/armv6-m/libc_s.a(lib_a-readr.o)
 .ARM.attributes
                0x00000959       0x2c /home/prithvi/DevelopmentTools/gcc-arm-none-eabi-4_8-2013q4/arm-none-eabi/lib/armv6-m/libc_s.a(lib_a-reent.o)
 .ARM.attributes
                0x00000985       0x1e /home/prithvi/DevelopmentTools/gcc-arm-none-eabi-4_8-2013q4/lib/gcc/arm-none-eabi/4.8.3/armv6-m/libgcc.a(_thumb1_case_uqi.o)
 .ARM.attributes
                0x000009a3       0x1e /home/prithvi/DevelopmentTools/gcc-arm-none-eabi-4_8-2013q4/lib/gcc/arm-none-eabi/4.8.3/armv6-m/libgcc.a(_arm_cmpdf2.o)
 .ARM.attributes
                0x000009c1       0x2c /home/prithvi/DevelopmentTools/gcc-arm-none-eabi-4_8-2013q4/lib/gcc/arm-none-eabi/4.8.3/armv6-m/libgcc.a(adddf3.o)
 .ARM.attributes
                0x000009ed       0x2c /home/prithvi/DevelopmentTools/gcc-arm-none-eabi-4_8-2013q4/lib/gcc/arm-none-eabi/4.8.3/armv6-m/libgcc.a(divdf3.o)
 .ARM.attributes
                0x00000a19       0x2c /home/prithvi/DevelopmentTools/gcc-arm-none-eabi-4_8-2013q4/lib/gcc/arm-none-eabi/4.8.3/armv6-m/libgcc.a(eqdf2.o)
 .ARM.attributes
                0x00000a45       0x2c /home/prithvi/DevelopmentTools/gcc-arm-none-eabi-4_8-2013q4/lib/gcc/arm-none-eabi/4.8.3/armv6-m/libgcc.a(gedf2.o)
 .ARM.attributes
                0x00000a71       0x2c /home/prithvi/DevelopmentTools/gcc-arm-none-eabi-4_8-2013q4/lib/gcc/arm-none-eabi/4.8.3/armv6-m/libgcc.a(ledf2.o)
 .ARM.attributes
                0x00000a9d       0x2c /home/prithvi/DevelopmentTools/gcc-arm-none-eabi-4_8-2013q4/lib/gcc/arm-none-eabi/4.8.3/armv6-m/libgcc.a(muldf3.o)
 .ARM.attributes
                0x00000ac9       0x2c /home/prithvi/DevelopmentTools/gcc-arm-none-eabi-4_8-2013q4/lib/gcc/arm-none-eabi/4.8.3/armv6-m/libgcc.a(subdf3.o)
 .ARM.attributes
                0x00000af5       0x2c /home/prithvi/DevelopmentTools/gcc-arm-none-eabi-4_8-2013q4/lib/gcc/arm-none-eabi/4.8.3/armv6-m/libgcc.a(fixdfsi.o)
 .ARM.attributes
                0x00000b21       0x2c /home/prithvi/DevelopmentTools/gcc-arm-none-eabi-4_8-2013q4/lib/gcc/arm-none-eabi/4.8.3/armv6-m/libgcc.a(floatsidf.o)
 .ARM.attributes
                0x00000b4d       0x2c /home/prithvi/DevelopmentTools/gcc-arm-none-eabi-4_8-2013q4/lib/gcc/arm-none-eabi/4.8.3/armv6-m/libgcc.a(floatunsidf.o)
 .ARM.attributes
                0x00000b79       0x1e /home/prithvi/DevelopmentTools/gcc-arm-none-eabi-4_8-2013q4/lib/gcc/arm-none-eabi/4.8.3/armv6-m/libgcc.a(_clzsi2.o)
 .ARM.attributes
                0x00000b97       0x2c /home/prithvi/DevelopmentTools/gcc-arm-none-eabi-4_8-2013q4/bin/../lib/gcc/arm-none-eabi/4.8.3/armv6-m/crtend.o
 .ARM.attributes
                0x00000bc3       0x1e /home/prithvi/DevelopmentTools/gcc-arm-none-eabi-4_8-2013q4/bin/../lib/gcc/arm-none-eabi/4.8.3/armv6-m/crtn.o
 .ARM.attributes
                0x00000be1       0x2c /home/prithvi/DevelopmentTools/gcc-arm-none-eabi-4_8-2013q4/arm-none-eabi/lib/armv6-m/libnosys.a(close.o)
 .ARM.attributes
                0x00000c0d       0x2c /home/prithvi/DevelopmentTools/gcc-arm-none-eabi-4_8-2013q4/arm-none-eabi/lib/armv6-m/libnosys.a(fstat.o)
 .ARM.attributes
                0x00000c39       0x2c /home/prithvi/DevelopmentTools/gcc-arm-none-eabi-4_8-2013q4/arm-none-eabi/lib/armv6-m/libnosys.a(isatty.o)
 .ARM.attributes
                0x00000c65       0x2c /home/prithvi/DevelopmentTools/gcc-arm-none-eabi-4_8-2013q4/arm-none-eabi/lib/armv6-m/libnosys.a(lseek.o)
 .ARM.attributes
                0x00000c91       0x2c /home/prithvi/DevelopmentTools/gcc-arm-none-eabi-4_8-2013q4/arm-none-eabi/lib/armv6-m/libnosys.a(read.o)
 .ARM.attributes
                0x00000cbd       0x2c /home/prithvi/DevelopmentTools/gcc-arm-none-eabi-4_8-2013q4/arm-none-eabi/lib/armv6-m/libnosys.a(sbrk.o)
 .ARM.attributes
                0x00000ce9       0x2c /home/prithvi/DevelopmentTools/gcc-arm-none-eabi-4_8-2013q4/arm-none-eabi/lib/armv6-m/libnosys.a(_exit.o)

.comment        0x00000000       0x70
 .comment       0x00000000       0x70 obj/clock-nrf.o
                                 0x71 (size before relaxing)
 .comment       0x00000000       0x71 obj/clock-init.o
 .comment       0x00000000       0x71 obj/system_nrf51.o
 .comment       0x00000000       0x71 obj/observer.o
 .comment       0x00000000       0x71 obj/uart_nrf.o
 .comment       0x00000000       0x71 obj/main.o
 .comment       0x00000000       0x71 obj/timer.o

.debug_info     0x00000000     0x3963
 .debug_info    0x00000000      0x766 obj/clock-nrf.o
 .debug_info    0x00000766      0x5d6 obj/clock-init.o
 .debug_info    0x00000d3c      0x1d6 obj/system_nrf51.o
 .debug_info    0x00000f12     0x1794 obj/observer.o
 .debug_info    0x000026a6      0x9b8 obj/uart_nrf.o
 .debug_info    0x0000305e      0x5bf obj/main.o
 .debug_info    0x0000361d      0x346 obj/timer.o

.debug_abbrev   0x00000000      0xd16
 .debug_abbrev  0x00000000      0x230 obj/clock-nrf.o
 .debug_abbrev  0x00000230      0x181 obj/clock-init.o
 .debug_abbrev  0x000003b1       0xf1 obj/system_nrf51.o
 .debug_abbrev  0x000004a2      0x325 obj/observer.o
 .debug_abbrev  0x000007c7      0x221 obj/uart_nrf.o
 .debug_abbrev  0x000009e8      0x1dc obj/main.o
 .debug_abbrev  0x00000bc4      0x152 obj/timer.o

.debug_loc      0x00000000      0x502
 .debug_loc     0x00000000      0x155 obj/clock-nrf.o
 .debug_loc     0x00000155       0x28 obj/clock-init.o
 .debug_loc     0x0000017d      0x282 obj/observer.o
 .debug_loc     0x000003ff       0xc1 obj/uart_nrf.o
 .debug_loc     0x000004c0       0x42 obj/timer.o

.debug_aranges  0x00000000       0xe0
 .debug_aranges
                0x00000000       0x20 obj/clock-nrf.o
 .debug_aranges
                0x00000020       0x20 obj/clock-init.o
 .debug_aranges
                0x00000040       0x20 obj/system_nrf51.o
 .debug_aranges
                0x00000060       0x20 obj/observer.o
 .debug_aranges
                0x00000080       0x20 obj/uart_nrf.o
 .debug_aranges
                0x000000a0       0x20 obj/main.o
 .debug_aranges
                0x000000c0       0x20 obj/timer.o

.debug_line     0x00000000      0xb0e
 .debug_line    0x00000000      0x166 obj/clock-nrf.o
 .debug_line    0x00000166      0x131 obj/clock-init.o
 .debug_line    0x00000297       0xf1 obj/system_nrf51.o
 .debug_line    0x00000388      0x3b0 obj/observer.o
 .debug_line    0x00000738      0x160 obj/uart_nrf.o
 .debug_line    0x00000898      0x188 obj/main.o
 .debug_line    0x00000a20       0xee obj/timer.o

.debug_str      0x00000000      0xe82
 .debug_str     0x00000000      0x513 obj/clock-nrf.o
                                0x56d (size before relaxing)
 .debug_str     0x00000513      0x158 obj/clock-init.o
                                0x4e6 (size before relaxing)
 .debug_str     0x0000066b       0xca obj/system_nrf51.o
                                0x236 (size before relaxing)
 .debug_str     0x00000735      0x4d3 obj/observer.o
                                0x945 (size before relaxing)
 .debug_str     0x00000c08      0x1c9 obj/uart_nrf.o
                                0x61b (size before relaxing)
 .debug_str     0x00000dd1       0xa5 obj/main.o
                                0x34f (size before relaxing)
 .debug_str     0x00000e76        0xc obj/timer.o
                                0x277 (size before relaxing)

.debug_frame    0x00000000     0x1394
 .debug_frame   0x00000000       0x84 obj/clock-nrf.o
 .debug_frame   0x00000084       0x60 obj/clock-init.o
 .debug_frame   0x000000e4       0x58 obj/system_nrf51.o
 .debug_frame   0x0000013c      0x114 obj/observer.o
 .debug_frame   0x00000250       0x98 obj/uart_nrf.o
 .debug_frame   0x000002e8       0x28 obj/main.o
 .debug_frame   0x00000310       0x40 obj/timer.o
 .debug_frame   0x00000350       0x20 /home/prithvi/DevelopmentTools/gcc-arm-none-eabi-4_8-2013q4/lib/gcc/arm-none-eabi/4.8.3/armv6-m/libgcc.a(_udivsi3.o)
 .debug_frame   0x00000370       0x20 /home/prithvi/DevelopmentTools/gcc-arm-none-eabi-4_8-2013q4/lib/gcc/arm-none-eabi/4.8.3/armv6-m/libgcc.a(_divsi3.o)
 .debug_frame   0x00000390       0x28 /home/prithvi/DevelopmentTools/gcc-arm-none-eabi-4_8-2013q4/arm-none-eabi/lib/armv6-m/libc_s.a(lib_a-exit.o)
 .debug_frame   0x000003b8       0x2c /home/prithvi/DevelopmentTools/gcc-arm-none-eabi-4_8-2013q4/arm-none-eabi/lib/armv6-m/libc_s.a(lib_a-init.o)
 .debug_frame   0x000003e4       0x28 /home/prithvi/DevelopmentTools/gcc-arm-none-eabi-4_8-2013q4/arm-none-eabi/lib/armv6-m/libc_s.a(lib_a-memcpy-stub.o)
 .debug_frame   0x0000040c       0x20 /home/prithvi/DevelopmentTools/gcc-arm-none-eabi-4_8-2013q4/arm-none-eabi/lib/armv6-m/libc_s.a(lib_a-memset.o)
 .debug_frame   0x0000042c       0x50 /home/prithvi/DevelopmentTools/gcc-arm-none-eabi-4_8-2013q4/arm-none-eabi/lib/armv6-m/libc_s.a(lib_a-printf.o)
 .debug_frame   0x0000047c       0x48 /home/prithvi/DevelopmentTools/gcc-arm-none-eabi-4_8-2013q4/arm-none-eabi/lib/armv6-m/libc_s.a(lib_a-putchar.o)
 .debug_frame   0x000004c4       0x44 /home/prithvi/DevelopmentTools/gcc-arm-none-eabi-4_8-2013q4/arm-none-eabi/lib/armv6-m/libc_s.a(lib_a-puts.o)
 .debug_frame   0x00000508       0x28 /home/prithvi/DevelopmentTools/gcc-arm-none-eabi-4_8-2013q4/arm-none-eabi/lib/armv6-m/libc_s.a(lib_a-strncmp.o)
 .debug_frame   0x00000530       0xa0 /home/prithvi/DevelopmentTools/gcc-arm-none-eabi-4_8-2013q4/arm-none-eabi/lib/armv6-m/libc_s.a(lib_a-vfprintf.o)
 .debug_frame   0x000005d0       0x70 /home/prithvi/DevelopmentTools/gcc-arm-none-eabi-4_8-2013q4/arm-none-eabi/lib/armv6-m/libc_s.a(lib_a-vfprintf_float.o)
 .debug_frame   0x00000640       0x54 /home/prithvi/DevelopmentTools/gcc-arm-none-eabi-4_8-2013q4/arm-none-eabi/lib/armv6-m/libc_s.a(lib_a-vfprintf_i.o)
 .debug_frame   0x00000694       0x44 /home/prithvi/DevelopmentTools/gcc-arm-none-eabi-4_8-2013q4/arm-none-eabi/lib/armv6-m/libc_s.a(lib_a-wbuf.o)
 .debug_frame   0x000006d8       0x2c /home/prithvi/DevelopmentTools/gcc-arm-none-eabi-4_8-2013q4/arm-none-eabi/lib/armv6-m/libc_s.a(lib_a-wsetup.o)
 .debug_frame   0x00000704       0x54 /home/prithvi/DevelopmentTools/gcc-arm-none-eabi-4_8-2013q4/arm-none-eabi/lib/armv6-m/libc_s.a(lib_a-dtoa.o)